[2025-11-28T11:17:21.386+0000][gc,init] CardTable entry size: 512
[2025-11-28T11:17:21.386+0000][gc     ] Using G1
[2025-11-28T11:17:21.395+0000][gc,init] Version: 21.0.9+10-LTS (release)
[2025-11-28T11:17:21.395+0000][gc,init] CPUs: 2 total, 2 available
[2025-11-28T11:17:21.395+0000][gc,init] Memory: 7944M
[2025-11-28T11:17:21.395+0000][gc,init] Large Page Support: Disabled
[2025-11-28T11:17:21.395+0000][gc,init] NUMA Support: Disabled
[2025-11-28T11:17:21.395+0000][gc,init] Compressed Oops: Enabled (32-bit)
[2025-11-28T11:17:21.395+0000][gc,init] Heap Region Size: 1M
[2025-11-28T11:17:21.395+0000][gc,init] Heap Min Capacity: 1G
[2025-11-28T11:17:21.395+0000][gc,init] Heap Initial Capacity: 1G
[2025-11-28T11:17:21.395+0000][gc,init] Heap Max Capacity: 1G
[2025-11-28T11:17:21.395+0000][gc,init] Pre-touch: Disabled
[2025-11-28T11:17:21.395+0000][gc,init] Parallel Workers: 2
[2025-11-28T11:17:21.395+0000][gc,init] Concurrent Workers: 1
[2025-11-28T11:17:21.395+0000][gc,init] Concurrent Refinement Workers: 2
[2025-11-28T11:17:21.395+0000][gc,init] Periodic GC: Disabled
[2025-11-28T11:17:21.402+0000][gc,metaspace] CDS archive(s) mapped at: [0x000076e687000000-0x000076e687ca0000-0x000076e687ca0000), size 13238272, SharedBaseAddress: 0x000076e687000000, ArchiveRelocationMode: 1.
[2025-11-28T11:17:21.402+0000][gc,metaspace] Compressed class space mapped at: 0x000076e688000000-0x000076e6c8000000, reserved size: 1073741824
[2025-11-28T11:17:21.402+0000][gc,metaspace] Narrow klass base: 0x000076e687000000, Narrow klass shift: 0, Narrow klass range: 0x100000000
[2025-11-28T11:17:22.635+0000][gc,start    ] GC(0) Pause Young (Normal) (G1 Evacuation Pause)
[2025-11-28T11:17:22.635+0000][gc,task     ] GC(0) Using 2 workers of 2 for evacuation
[2025-11-28T11:17:22.642+0000][gc,phases   ] GC(0)   Pre Evacuate Collection Set: 0.16ms
[2025-11-28T11:17:22.642+0000][gc,phases   ] GC(0)   Merge Heap Roots: 0.06ms
[2025-11-28T11:17:22.642+0000][gc,phases   ] GC(0)   Evacuate Collection Set: 6.47ms
[2025-11-28T11:17:22.642+0000][gc,phases   ] GC(0)   Post Evacuate Collection Set: 0.43ms
[2025-11-28T11:17:22.642+0000][gc,phases   ] GC(0)   Other: 0.19ms
[2025-11-28T11:17:22.642+0000][gc,heap     ] GC(0) Eden regions: 51->0(44)
[2025-11-28T11:17:22.642+0000][gc,heap     ] GC(0) Survivor regions: 0->7(7)
[2025-11-28T11:17:22.642+0000][gc,heap     ] GC(0) Old regions: 2->4
[2025-11-28T11:17:22.642+0000][gc,heap     ] GC(0) Humongous regions: 0->0
[2025-11-28T11:17:22.642+0000][gc,metaspace] GC(0) Metaspace: 15512K(15808K)->15512K(15808K) NonClass: 13780K(13952K)->13780K(13952K) Class: 1731K(1856K)->1731K(1856K)
[2025-11-28T11:17:22.643+0000][gc          ] GC(0) Pause Young (Normal) (G1 Evacuation Pause) 52M->9M(1024M) 7.647ms
[2025-11-28T11:17:22.643+0000][gc,cpu      ] GC(0) User=0.01s Sys=0.01s Real=0.01s
[2025-11-28T11:17:22.952+0000][gc,start    ] GC(1) Pause Young (Concurrent Start) (Metadata GC Threshold)
[2025-11-28T11:17:22.952+0000][gc,task     ] GC(1) Using 2 workers of 2 for evacuation
[2025-11-28T11:17:22.960+0000][gc,phases   ] GC(1)   Pre Evacuate Collection Set: 0.19ms
[2025-11-28T11:17:22.960+0000][gc,phases   ] GC(1)   Merge Heap Roots: 0.04ms
[2025-11-28T11:17:22.960+0000][gc,phases   ] GC(1)   Evacuate Collection Set: 7.40ms
[2025-11-28T11:17:22.960+0000][gc,phases   ] GC(1)   Post Evacuate Collection Set: 0.43ms
[2025-11-28T11:17:22.960+0000][gc,phases   ] GC(1)   Other: 0.18ms
[2025-11-28T11:17:22.960+0000][gc,heap     ] GC(1) Eden regions: 17->0(50)
[2025-11-28T11:17:22.960+0000][gc,heap     ] GC(1) Survivor regions: 7->1(7)
[2025-11-28T11:17:22.960+0000][gc,heap     ] GC(1) Old regions: 4->11
[2025-11-28T11:17:22.960+0000][gc,heap     ] GC(1) Humongous regions: 0->0
[2025-11-28T11:17:22.960+0000][gc,metaspace] GC(1) Metaspace: 21234K(21504K)->21234K(21504K) NonClass: 18671K(18816K)->18671K(18816K) Class: 2563K(2688K)->2563K(2688K)
[2025-11-28T11:17:22.960+0000][gc          ] GC(1) Pause Young (Concurrent Start) (Metadata GC Threshold) 25M->10M(1024M) 8.842ms
[2025-11-28T11:17:22.960+0000][gc,cpu      ] GC(1) User=0.01s Sys=0.00s Real=0.01s
[2025-11-28T11:17:22.961+0000][gc          ] GC(2) Concurrent Mark Cycle
[2025-11-28T11:17:22.961+0000][gc,marking  ] GC(2) Concurrent Scan Root Regions
[2025-11-28T11:17:22.965+0000][gc,marking  ] GC(2) Concurrent Scan Root Regions 3.864ms
[2025-11-28T11:17:22.965+0000][gc,marking  ] GC(2) Concurrent Mark
[2025-11-28T11:17:22.965+0000][gc,marking  ] GC(2) Concurrent Mark From Roots
[2025-11-28T11:17:22.965+0000][gc,task     ] GC(2) Using 1 workers of 1 for marking
[2025-11-28T11:17:22.969+0000][gc,marking  ] GC(2) Concurrent Mark From Roots 4.052ms
[2025-11-28T11:17:22.969+0000][gc,marking  ] GC(2) Concurrent Preclean
[2025-11-28T11:17:22.970+0000][gc,marking  ] GC(2) Concurrent Preclean 0.111ms
[2025-11-28T11:17:22.970+0000][gc,start    ] GC(2) Pause Remark
[2025-11-28T11:17:22.973+0000][gc          ] GC(2) Pause Remark 10M->10M(1024M) 3.122ms
[2025-11-28T11:17:22.973+0000][gc,cpu      ] GC(2) User=0.01s Sys=0.00s Real=0.01s
[2025-11-28T11:17:22.973+0000][gc,marking  ] GC(2) Concurrent Mark 7.815ms
[2025-11-28T11:17:22.973+0000][gc,marking  ] GC(2) Concurrent Rebuild Remembered Sets and Scrub Regions
[2025-11-28T11:17:22.977+0000][gc,marking  ] GC(2) Concurrent Rebuild Remembered Sets and Scrub Regions 3.909ms
[2025-11-28T11:17:22.977+0000][gc,start    ] GC(2) Pause Cleanup
[2025-11-28T11:17:22.977+0000][gc          ] GC(2) Pause Cleanup 11M->11M(1024M) 0.190ms
[2025-11-28T11:17:22.977+0000][gc,cpu      ] GC(2) User=0.00s Sys=0.00s Real=0.00s
[2025-11-28T11:17:22.977+0000][gc,marking  ] GC(2) Concurrent Clear Claimed Marks
[2025-11-28T11:17:22.977+0000][gc,marking  ] GC(2) Concurrent Clear Claimed Marks 0.039ms
[2025-11-28T11:17:22.977+0000][gc,marking  ] GC(2) Concurrent Cleanup for Next Mark
[2025-11-28T11:17:22.991+0000][gc,marking  ] GC(2) Concurrent Cleanup for Next Mark 13.281ms
[2025-11-28T11:17:22.991+0000][gc          ] GC(2) Concurrent Mark Cycle 29.723ms
[2025-11-28T11:17:24.009+0000][gc,start    ] GC(3) Pause Young (Prepare Mixed) (G1 Evacuation Pause)
[2025-11-28T11:17:24.009+0000][gc,task     ] GC(3) Using 2 workers of 2 for evacuation
[2025-11-28T11:17:24.029+0000][gc,phases   ] GC(3)   Pre Evacuate Collection Set: 0.23ms
[2025-11-28T11:17:24.029+0000][gc,phases   ] GC(3)   Merge Heap Roots: 0.05ms
[2025-11-28T11:17:24.029+0000][gc,phases   ] GC(3)   Evacuate Collection Set: 17.72ms
[2025-11-28T11:17:24.029+0000][gc,phases   ] GC(3)   Post Evacuate Collection Set: 1.90ms
[2025-11-28T11:17:24.029+0000][gc,phases   ] GC(3)   Other: 0.07ms
[2025-11-28T11:17:24.029+0000][gc,heap     ] GC(3) Eden regions: 50->0(45)
[2025-11-28T11:17:24.029+0000][gc,heap     ] GC(3) Survivor regions: 1->6(7)
[2025-11-28T11:17:24.029+0000][gc,heap     ] GC(3) Old regions: 11->11
[2025-11-28T11:17:24.029+0000][gc,heap     ] GC(3) Humongous regions: 0->0
[2025-11-28T11:17:24.029+0000][gc,metaspace] GC(3) Metaspace: 34274K(34688K)->34274K(34688K) NonClass: 30350K(30592K)->30350K(30592K) Class: 3923K(4096K)->3923K(4096K)
[2025-11-28T11:17:24.029+0000][gc          ] GC(3) Pause Young (Prepare Mixed) (G1 Evacuation Pause) 60M->15M(1024M) 20.234ms
[2025-11-28T11:17:24.029+0000][gc,cpu      ] GC(3) User=0.02s Sys=0.01s Real=0.02s
[2025-11-28T11:17:24.188+0000][gc,start    ] GC(4) Pause Young (Mixed) (Metadata GC Threshold)
[2025-11-28T11:17:24.188+0000][gc,task     ] GC(4) Using 2 workers of 2 for evacuation
[2025-11-28T11:17:24.201+0000][gc,phases   ] GC(4)   Pre Evacuate Collection Set: 0.12ms
[2025-11-28T11:17:24.202+0000][gc,phases   ] GC(4)   Merge Heap Roots: 0.04ms
[2025-11-28T11:17:24.202+0000][gc,phases   ] GC(4)   Evacuate Collection Set: 12.57ms
[2025-11-28T11:17:24.202+0000][gc,phases   ] GC(4)   Post Evacuate Collection Set: 0.52ms
[2025-11-28T11:17:24.202+0000][gc,phases   ] GC(4)   Other: 0.17ms
[2025-11-28T11:17:24.202+0000][gc,heap     ] GC(4) Eden regions: 7->0(50)
[2025-11-28T11:17:24.202+0000][gc,heap     ] GC(4) Survivor regions: 6->1(7)
[2025-11-28T11:17:24.202+0000][gc,heap     ] GC(4) Old regions: 11->15
[2025-11-28T11:17:24.202+0000][gc,heap     ] GC(4) Humongous regions: 9->9
[2025-11-28T11:17:24.202+0000][gc,metaspace] GC(4) Metaspace: 35675K(36160K)->35675K(36160K) NonClass: 31543K(31808K)->31543K(31808K) Class: 4131K(4352K)->4131K(4352K)
[2025-11-28T11:17:24.202+0000][gc          ] GC(4) Pause Young (Mixed) (Metadata GC Threshold) 30M->24M(1024M) 14.142ms
[2025-11-28T11:17:24.202+0000][gc,cpu      ] GC(4) User=0.02s Sys=0.01s Real=0.02s
[2025-11-28T11:17:24.237+0000][gc,start    ] GC(5) Pause Young (Concurrent Start) (Metadata GC Threshold)
[2025-11-28T11:17:24.237+0000][gc,task     ] GC(5) Using 2 workers of 2 for evacuation
[2025-11-28T11:17:24.239+0000][gc,phases   ] GC(5)   Pre Evacuate Collection Set: 0.10ms
[2025-11-28T11:17:24.239+0000][gc,phases   ] GC(5)   Merge Heap Roots: 0.05ms
[2025-11-28T11:17:24.239+0000][gc,phases   ] GC(5)   Evacuate Collection Set: 1.25ms
[2025-11-28T11:17:24.239+0000][gc,phases   ] GC(5)   Post Evacuate Collection Set: 0.32ms
[2025-11-28T11:17:24.239+0000][gc,phases   ] GC(5)   Other: 0.12ms
[2025-11-28T11:17:24.239+0000][gc,heap     ] GC(5) Eden regions: 2->0(50)
[2025-11-28T11:17:24.239+0000][gc,heap     ] GC(5) Survivor regions: 1->1(7)
[2025-11-28T11:17:24.239+0000][gc,heap     ] GC(5) Old regions: 15->15
[2025-11-28T11:17:24.239+0000][gc,heap     ] GC(5) Humongous regions: 9->9
[2025-11-28T11:17:24.239+0000][gc,metaspace] GC(5) Metaspace: 36049K(36480K)->36049K(36480K) NonClass: 31877K(32128K)->31877K(32128K) Class: 4171K(4352K)->4171K(4352K)
[2025-11-28T11:17:24.239+0000][gc          ] GC(5) Pause Young (Concurrent Start) (Metadata GC Threshold) 26M->24M(1024M) 2.044ms
[2025-11-28T11:17:24.239+0000][gc,cpu      ] GC(5) User=0.00s Sys=0.00s Real=0.00s
[2025-11-28T11:17:24.239+0000][gc          ] GC(6) Concurrent Mark Cycle
[2025-11-28T11:17:24.239+0000][gc,marking  ] GC(6) Concurrent Scan Root Regions
[2025-11-28T11:17:24.242+0000][gc,marking  ] GC(6) Concurrent Scan Root Regions 3.258ms
[2025-11-28T11:17:24.242+0000][gc,marking  ] GC(6) Concurrent Mark
[2025-11-28T11:17:24.242+0000][gc,marking  ] GC(6) Concurrent Mark From Roots
[2025-11-28T11:17:24.242+0000][gc,task     ] GC(6) Using 1 workers of 1 for marking
[2025-11-28T11:17:24.293+0000][gc,marking  ] GC(6) Concurrent Mark From Roots 50.891ms
[2025-11-28T11:17:24.293+0000][gc,marking  ] GC(6) Concurrent Preclean
[2025-11-28T11:17:24.293+0000][gc,marking  ] GC(6) Concurrent Preclean 0.062ms
[2025-11-28T11:17:24.295+0000][gc,start    ] GC(6) Pause Remark
[2025-11-28T11:17:24.299+0000][gc          ] GC(6) Pause Remark 27M->27M(1024M) 3.321ms
[2025-11-28T11:17:24.299+0000][gc,cpu      ] GC(6) User=0.00s Sys=0.00s Real=0.00s
[2025-11-28T11:17:24.299+0000][gc,marking  ] GC(6) Concurrent Mark 56.390ms
[2025-11-28T11:17:24.299+0000][gc,marking  ] GC(6) Concurrent Rebuild Remembered Sets and Scrub Regions
[2025-11-28T11:17:24.313+0000][gc,marking  ] GC(6) Concurrent Rebuild Remembered Sets and Scrub Regions 14.599ms
[2025-11-28T11:17:24.314+0000][gc,start    ] GC(6) Pause Cleanup
[2025-11-28T11:17:24.314+0000][gc          ] GC(6) Pause Cleanup 28M->28M(1024M) 0.121ms
[2025-11-28T11:17:24.314+0000][gc,cpu      ] GC(6) User=0.00s Sys=0.00s Real=0.00s
[2025-11-28T11:17:24.314+0000][gc,marking  ] GC(6) Concurrent Clear Claimed Marks
[2025-11-28T11:17:24.314+0000][gc,marking  ] GC(6) Concurrent Clear Claimed Marks 0.069ms
[2025-11-28T11:17:24.314+0000][gc,marking  ] GC(6) Concurrent Cleanup for Next Mark
[2025-11-28T11:17:24.316+0000][gc,marking  ] GC(6) Concurrent Cleanup for Next Mark 1.267ms
[2025-11-28T11:17:24.316+0000][gc          ] GC(6) Concurrent Mark Cycle 76.876ms
[2025-11-28T11:17:25.051+0000][gc,start    ] GC(7) Pause Young (Normal) (G1 Evacuation Pause)
[2025-11-28T11:17:25.051+0000][gc,task     ] GC(7) Using 2 workers of 2 for evacuation
[2025-11-28T11:17:25.062+0000][gc,phases   ] GC(7)   Pre Evacuate Collection Set: 0.14ms
[2025-11-28T11:17:25.063+0000][gc,phases   ] GC(7)   Merge Heap Roots: 0.05ms
[2025-11-28T11:17:25.063+0000][gc,phases   ] GC(7)   Evacuate Collection Set: 10.64ms
[2025-11-28T11:17:25.063+0000][gc,phases   ] GC(7)   Post Evacuate Collection Set: 0.34ms
[2025-11-28T11:17:25.063+0000][gc,phases   ] GC(7)   Other: 0.09ms
[2025-11-28T11:17:25.063+0000][gc,heap     ] GC(7) Eden regions: 50->0(44)
[2025-11-28T11:17:25.063+0000][gc,heap     ] GC(7) Survivor regions: 1->7(7)
[2025-11-28T11:17:25.063+0000][gc,heap     ] GC(7) Old regions: 15->16
[2025-11-28T11:17:25.063+0000][gc,heap     ] GC(7) Humongous regions: 9->9
[2025-11-28T11:17:25.063+0000][gc,metaspace] GC(7) Metaspace: 43115K(43904K)->43115K(43904K) NonClass: 38084K(38528K)->38084K(38528K) Class: 5031K(5376K)->5031K(5376K)
[2025-11-28T11:17:25.063+0000][gc          ] GC(7) Pause Young (Normal) (G1 Evacuation Pause) 74M->31M(1024M) 11.702ms
[2025-11-28T11:17:25.063+0000][gc,cpu      ] GC(7) User=0.02s Sys=0.00s Real=0.01s
[2025-11-28T11:18:33.055+0000][gc,start    ] GC(8) Pause Young (Normal) (G1 Evacuation Pause)
[2025-11-28T11:18:33.055+0000][gc,task     ] GC(8) Using 2 workers of 2 for evacuation
[2025-11-28T11:18:33.069+0000][gc,phases   ] GC(8)   Pre Evacuate Collection Set: 0.23ms
[2025-11-28T11:18:33.069+0000][gc,phases   ] GC(8)   Merge Heap Roots: 0.06ms
[2025-11-28T11:18:33.069+0000][gc,phases   ] GC(8)   Evacuate Collection Set: 13.06ms
[2025-11-28T11:18:33.069+0000][gc,phases   ] GC(8)   Post Evacuate Collection Set: 0.78ms
[2025-11-28T11:18:33.069+0000][gc,phases   ] GC(8)   Other: 0.07ms
[2025-11-28T11:18:33.069+0000][gc,heap     ] GC(8) Eden regions: 44->0(47)
[2025-11-28T11:18:33.069+0000][gc,heap     ] GC(8) Survivor regions: 7->4(7)
[2025-11-28T11:18:33.069+0000][gc,heap     ] GC(8) Old regions: 16->23
[2025-11-28T11:18:33.069+0000][gc,heap     ] GC(8) Humongous regions: 139->139
[2025-11-28T11:18:33.069+0000][gc,metaspace] GC(8) Metaspace: 48078K(49216K)->48078K(49216K) NonClass: 42331K(42944K)->42331K(42944K) Class: 5746K(6272K)->5746K(6272K)
[2025-11-28T11:18:33.069+0000][gc          ] GC(8) Pause Young (Normal) (G1 Evacuation Pause) 205M->165M(1024M) 14.437ms
[2025-11-28T11:18:33.069+0000][gc,cpu      ] GC(8) User=0.02s Sys=0.01s Real=0.01s
[2025-11-28T11:24:15.227+0000][gc,start    ] GC(9) Pause Young (Normal) (G1 Evacuation Pause)
[2025-11-28T11:24:15.227+0000][gc,task     ] GC(9) Using 2 workers of 2 for evacuation
[2025-11-28T11:24:15.233+0000][gc,phases   ] GC(9)   Pre Evacuate Collection Set: 0.17ms
[2025-11-28T11:24:15.233+0000][gc,phases   ] GC(9)   Merge Heap Roots: 0.07ms
[2025-11-28T11:24:15.233+0000][gc,phases   ] GC(9)   Evacuate Collection Set: 4.99ms
[2025-11-28T11:24:15.233+0000][gc,phases   ] GC(9)   Post Evacuate Collection Set: 0.46ms
[2025-11-28T11:24:15.233+0000][gc,phases   ] GC(9)   Other: 0.07ms
[2025-11-28T11:24:15.233+0000][gc,heap     ] GC(9) Eden regions: 47->0(46)
[2025-11-28T11:24:15.233+0000][gc,heap     ] GC(9) Survivor regions: 4->5(7)
[2025-11-28T11:24:15.233+0000][gc,heap     ] GC(9) Old regions: 23->23
[2025-11-28T11:24:15.233+0000][gc,heap     ] GC(9) Humongous regions: 139->139
[2025-11-28T11:24:15.233+0000][gc,metaspace] GC(9) Metaspace: 49649K(50752K)->49649K(50752K) NonClass: 43877K(44480K)->43877K(44480K) Class: 5771K(6272K)->5771K(6272K)
[2025-11-28T11:24:15.233+0000][gc          ] GC(9) Pause Young (Normal) (G1 Evacuation Pause) 212M->166M(1024M) 5.989ms
[2025-11-28T11:24:15.233+0000][gc,cpu      ] GC(9) User=0.01s Sys=0.00s Real=0.01s
[2025-11-28T11:31:03.519+0000][gc,start    ] GC(10) Pause Young (Normal) (G1 Evacuation Pause)
[2025-11-28T11:31:03.519+0000][gc,task     ] GC(10) Using 2 workers of 2 for evacuation
[2025-11-28T11:31:03.526+0000][gc,phases   ] GC(10)   Pre Evacuate Collection Set: 0.18ms
[2025-11-28T11:31:03.526+0000][gc,phases   ] GC(10)   Merge Heap Roots: 0.06ms
[2025-11-28T11:31:03.526+0000][gc,phases   ] GC(10)   Evacuate Collection Set: 6.15ms
[2025-11-28T11:31:03.526+0000][gc,phases   ] GC(10)   Post Evacuate Collection Set: 0.56ms
[2025-11-28T11:31:03.526+0000][gc,phases   ] GC(10)   Other: 0.07ms
[2025-11-28T11:31:03.526+0000][gc,heap     ] GC(10) Eden regions: 46->0(49)
[2025-11-28T11:31:03.526+0000][gc,heap     ] GC(10) Survivor regions: 5->2(7)
[2025-11-28T11:31:03.526+0000][gc,heap     ] GC(10) Old regions: 23->27
[2025-11-28T11:31:03.526+0000][gc,heap     ] GC(10) Humongous regions: 139->139
[2025-11-28T11:31:03.526+0000][gc,metaspace] GC(10) Metaspace: 49899K(51008K)->49899K(51008K) NonClass: 44114K(44736K)->44114K(44736K) Class: 5785K(6272K)->5785K(6272K)
[2025-11-28T11:31:03.526+0000][gc          ] GC(10) Pause Young (Normal) (G1 Evacuation Pause) 212M->167M(1024M) 7.295ms
[2025-11-28T11:31:03.526+0000][gc,cpu      ] GC(10) User=0.01s Sys=0.00s Real=0.01s
[2025-11-28T11:36:05.623+0000][gc,start    ] GC(11) Pause Young (Normal) (G1 Evacuation Pause)
[2025-11-28T11:36:05.623+0000][gc,task     ] GC(11) Using 2 workers of 2 for evacuation
[2025-11-28T11:36:05.628+0000][gc,phases   ] GC(11)   Pre Evacuate Collection Set: 0.14ms
[2025-11-28T11:36:05.628+0000][gc,phases   ] GC(11)   Merge Heap Roots: 0.07ms
[2025-11-28T11:36:05.628+0000][gc,phases   ] GC(11)   Evacuate Collection Set: 4.78ms
[2025-11-28T11:36:05.629+0000][gc,phases   ] GC(11)   Post Evacuate Collection Set: 0.44ms
[2025-11-28T11:36:05.629+0000][gc,phases   ] GC(11)   Other: 0.08ms
[2025-11-28T11:36:05.629+0000][gc,heap     ] GC(11) Eden regions: 49->0(48)
[2025-11-28T11:36:05.629+0000][gc,heap     ] GC(11) Survivor regions: 2->3(7)
[2025-11-28T11:36:05.629+0000][gc,heap     ] GC(11) Old regions: 27->27
[2025-11-28T11:36:05.629+0000][gc,heap     ] GC(11) Humongous regions: 139->139
[2025-11-28T11:36:05.629+0000][gc,metaspace] GC(11) Metaspace: 51170K(52288K)->51170K(52288K) NonClass: 45191K(45824K)->45191K(45824K) Class: 5979K(6464K)->5979K(6464K)
[2025-11-28T11:36:05.629+0000][gc          ] GC(11) Pause Young (Normal) (G1 Evacuation Pause) 216M->168M(1024M) 5.733ms
[2025-11-28T11:36:05.629+0000][gc,cpu      ] GC(11) User=0.01s Sys=0.00s Real=0.00s
[2025-11-28T11:36:05.807+0000][gc,heap,exit] Heap
[2025-11-28T11:36:05.807+0000][gc,heap,exit]  garbage-first heap   total 1048576K, used 177606K [0x00000000c0000000, 0x0000000100000000)
[2025-11-28T11:36:05.807+0000][gc,heap,exit]   region size 1024K, 9 young (9216K), 3 survivors (3072K)
[2025-11-28T11:36:05.807+0000][gc,heap,exit]  Metaspace       used 51310K, committed 52416K, reserved 1114112K
[2025-11-28T11:36:05.807+0000][gc,heap,exit]   class space    used 6019K, committed 6528K, reserved 1048576K
