[2025-12-18T16:00:12.806+0000][gc,init] CardTable entry size: 512
[2025-12-18T16:00:12.806+0000][gc     ] Using G1
[2025-12-18T16:00:12.815+0000][gc,init] Version: 21.0.9+10-LTS (release)
[2025-12-18T16:00:12.815+0000][gc,init] CPUs: 2 total, 2 available
[2025-12-18T16:00:12.815+0000][gc,init] Memory: 7944M
[2025-12-18T16:00:12.815+0000][gc,init] Large Page Support: Disabled
[2025-12-18T16:00:12.815+0000][gc,init] NUMA Support: Disabled
[2025-12-18T16:00:12.815+0000][gc,init] Compressed Oops: Enabled (32-bit)
[2025-12-18T16:00:12.815+0000][gc,init] Heap Region Size: 1M
[2025-12-18T16:00:12.815+0000][gc,init] Heap Min Capacity: 1G
[2025-12-18T16:00:12.815+0000][gc,init] Heap Initial Capacity: 1G
[2025-12-18T16:00:12.815+0000][gc,init] Heap Max Capacity: 1G
[2025-12-18T16:00:12.815+0000][gc,init] Pre-touch: Disabled
[2025-12-18T16:00:12.815+0000][gc,init] Parallel Workers: 2
[2025-12-18T16:00:12.815+0000][gc,init] Concurrent Workers: 1
[2025-12-18T16:00:12.815+0000][gc,init] Concurrent Refinement Workers: 2
[2025-12-18T16:00:12.815+0000][gc,init] Periodic GC: Disabled
[2025-12-18T16:00:12.822+0000][gc,metaspace] CDS archive(s) mapped at: [0x00007c6fc7000000-0x00007c6fc7ca0000-0x00007c6fc7ca0000), size 13238272, SharedBaseAddress: 0x00007c6fc7000000, ArchiveRelocationMode: 1.
[2025-12-18T16:00:12.822+0000][gc,metaspace] Compressed class space mapped at: 0x00007c6fc8000000-0x00007c7008000000, reserved size: 1073741824
[2025-12-18T16:00:12.822+0000][gc,metaspace] Narrow klass base: 0x00007c6fc7000000, Narrow klass shift: 0, Narrow klass range: 0x100000000
[2025-12-18T16:00:14.112+0000][gc,start    ] GC(0) Pause Young (Normal) (G1 Evacuation Pause)
[2025-12-18T16:00:14.112+0000][gc,task     ] GC(0) Using 2 workers of 2 for evacuation
[2025-12-18T16:00:14.130+0000][gc,phases   ] GC(0)   Pre Evacuate Collection Set: 0.14ms
[2025-12-18T16:00:14.130+0000][gc,phases   ] GC(0)   Merge Heap Roots: 0.06ms
[2025-12-18T16:00:14.130+0000][gc,phases   ] GC(0)   Evacuate Collection Set: 16.84ms
[2025-12-18T16:00:14.130+0000][gc,phases   ] GC(0)   Post Evacuate Collection Set: 0.61ms
[2025-12-18T16:00:14.130+0000][gc,phases   ] GC(0)   Other: 0.22ms
[2025-12-18T16:00:14.130+0000][gc,heap     ] GC(0) Eden regions: 51->0(44)
[2025-12-18T16:00:14.130+0000][gc,heap     ] GC(0) Survivor regions: 0->7(7)
[2025-12-18T16:00:14.130+0000][gc,heap     ] GC(0) Old regions: 2->4
[2025-12-18T16:00:14.130+0000][gc,heap     ] GC(0) Humongous regions: 0->0
[2025-12-18T16:00:14.130+0000][gc,metaspace] GC(0) Metaspace: 15556K(15808K)->15556K(15808K) NonClass: 13820K(13952K)->13820K(13952K) Class: 1736K(1856K)->1736K(1856K)
[2025-12-18T16:00:14.131+0000][gc          ] GC(0) Pause Young (Normal) (G1 Evacuation Pause) 52M->9M(1024M) 18.730ms
[2025-12-18T16:00:14.131+0000][gc,cpu      ] GC(0) User=0.01s Sys=0.00s Real=0.02s
[2025-12-18T16:00:14.458+0000][gc,start    ] GC(1) Pause Young (Concurrent Start) (Metadata GC Threshold)
[2025-12-18T16:00:14.458+0000][gc,task     ] GC(1) Using 2 workers of 2 for evacuation
[2025-12-18T16:00:14.466+0000][gc,phases   ] GC(1)   Pre Evacuate Collection Set: 0.16ms
[2025-12-18T16:00:14.466+0000][gc,phases   ] GC(1)   Merge Heap Roots: 0.03ms
[2025-12-18T16:00:14.466+0000][gc,phases   ] GC(1)   Evacuate Collection Set: 7.13ms
[2025-12-18T16:00:14.466+0000][gc,phases   ] GC(1)   Post Evacuate Collection Set: 0.43ms
[2025-12-18T16:00:14.466+0000][gc,phases   ] GC(1)   Other: 0.08ms
[2025-12-18T16:00:14.466+0000][gc,heap     ] GC(1) Eden regions: 17->0(49)
[2025-12-18T16:00:14.466+0000][gc,heap     ] GC(1) Survivor regions: 7->2(7)
[2025-12-18T16:00:14.466+0000][gc,heap     ] GC(1) Old regions: 4->11
[2025-12-18T16:00:14.466+0000][gc,heap     ] GC(1) Humongous regions: 0->0
[2025-12-18T16:00:14.466+0000][gc,metaspace] GC(1) Metaspace: 21238K(21504K)->21238K(21504K) NonClass: 18665K(18816K)->18665K(18816K) Class: 2573K(2688K)->2573K(2688K)
[2025-12-18T16:00:14.466+0000][gc          ] GC(1) Pause Young (Concurrent Start) (Metadata GC Threshold) 26M->10M(1024M) 7.999ms
[2025-12-18T16:00:14.466+0000][gc,cpu      ] GC(1) User=0.01s Sys=0.00s Real=0.01s
[2025-12-18T16:00:14.466+0000][gc          ] GC(2) Concurrent Mark Cycle
[2025-12-18T16:00:14.466+0000][gc,marking  ] GC(2) Concurrent Scan Root Regions
[2025-12-18T16:00:14.470+0000][gc,marking  ] GC(2) Concurrent Scan Root Regions 3.880ms
[2025-12-18T16:00:14.470+0000][gc,marking  ] GC(2) Concurrent Mark
[2025-12-18T16:00:14.470+0000][gc,marking  ] GC(2) Concurrent Mark From Roots
[2025-12-18T16:00:14.470+0000][gc,task     ] GC(2) Using 1 workers of 1 for marking
[2025-12-18T16:00:14.474+0000][gc,marking  ] GC(2) Concurrent Mark From Roots 4.011ms
[2025-12-18T16:00:14.474+0000][gc,marking  ] GC(2) Concurrent Preclean
[2025-12-18T16:00:14.474+0000][gc,marking  ] GC(2) Concurrent Preclean 0.181ms
[2025-12-18T16:00:14.475+0000][gc,start    ] GC(2) Pause Remark
[2025-12-18T16:00:14.477+0000][gc          ] GC(2) Pause Remark 11M->11M(1024M) 2.882ms
[2025-12-18T16:00:14.477+0000][gc,cpu      ] GC(2) User=0.00s Sys=0.00s Real=0.00s
[2025-12-18T16:00:14.477+0000][gc,marking  ] GC(2) Concurrent Mark 7.404ms
[2025-12-18T16:00:14.477+0000][gc,marking  ] GC(2) Concurrent Rebuild Remembered Sets and Scrub Regions
[2025-12-18T16:00:14.482+0000][gc,marking  ] GC(2) Concurrent Rebuild Remembered Sets and Scrub Regions 4.563ms
[2025-12-18T16:00:14.482+0000][gc,start    ] GC(2) Pause Cleanup
[2025-12-18T16:00:14.482+0000][gc          ] GC(2) Pause Cleanup 11M->11M(1024M) 0.162ms
[2025-12-18T16:00:14.483+0000][gc,cpu      ] GC(2) User=0.00s Sys=0.00s Real=0.00s
[2025-12-18T16:00:14.483+0000][gc,marking  ] GC(2) Concurrent Clear Claimed Marks
[2025-12-18T16:00:14.483+0000][gc,marking  ] GC(2) Concurrent Clear Claimed Marks 0.024ms
[2025-12-18T16:00:14.483+0000][gc,marking  ] GC(2) Concurrent Cleanup for Next Mark
[2025-12-18T16:00:14.506+0000][gc,marking  ] GC(2) Concurrent Cleanup for Next Mark 23.495ms
[2025-12-18T16:00:14.506+0000][gc          ] GC(2) Concurrent Mark Cycle 40.115ms
[2025-12-18T16:00:15.504+0000][gc,start    ] GC(3) Pause Young (Prepare Mixed) (G1 Evacuation Pause)
[2025-12-18T16:00:15.504+0000][gc,task     ] GC(3) Using 2 workers of 2 for evacuation
[2025-12-18T16:00:15.516+0000][gc,phases   ] GC(3)   Pre Evacuate Collection Set: 0.36ms
[2025-12-18T16:00:15.516+0000][gc,phases   ] GC(3)   Merge Heap Roots: 0.05ms
[2025-12-18T16:00:15.516+0000][gc,phases   ] GC(3)   Evacuate Collection Set: 10.78ms
[2025-12-18T16:00:15.516+0000][gc,phases   ] GC(3)   Post Evacuate Collection Set: 0.58ms
[2025-12-18T16:00:15.516+0000][gc,phases   ] GC(3)   Other: 0.10ms
[2025-12-18T16:00:15.516+0000][gc,heap     ] GC(3) Eden regions: 49->0(45)
[2025-12-18T16:00:15.516+0000][gc,heap     ] GC(3) Survivor regions: 2->6(7)
[2025-12-18T16:00:15.516+0000][gc,heap     ] GC(3) Old regions: 11->11
[2025-12-18T16:00:15.516+0000][gc,heap     ] GC(3) Humongous regions: 0->0
[2025-12-18T16:00:15.517+0000][gc,metaspace] GC(3) Metaspace: 33992K(34432K)->33992K(34432K) NonClass: 30086K(30336K)->30086K(30336K) Class: 3905K(4096K)->3905K(4096K)
[2025-12-18T16:00:15.517+0000][gc          ] GC(3) Pause Young (Prepare Mixed) (G1 Evacuation Pause) 59M->15M(1024M) 12.938ms
[2025-12-18T16:00:15.517+0000][gc,cpu      ] GC(3) User=0.02s Sys=0.00s Real=0.01s
[2025-12-18T16:00:15.681+0000][gc,start    ] GC(4) Pause Young (Mixed) (Metadata GC Threshold)
[2025-12-18T16:00:15.682+0000][gc,task     ] GC(4) Using 2 workers of 2 for evacuation
[2025-12-18T16:00:15.700+0000][gc,phases   ] GC(4)   Pre Evacuate Collection Set: 0.22ms
[2025-12-18T16:00:15.700+0000][gc,phases   ] GC(4)   Merge Heap Roots: 0.04ms
[2025-12-18T16:00:15.700+0000][gc,phases   ] GC(4)   Evacuate Collection Set: 17.78ms
[2025-12-18T16:00:15.701+0000][gc,phases   ] GC(4)   Post Evacuate Collection Set: 0.55ms
[2025-12-18T16:00:15.701+0000][gc,phases   ] GC(4)   Other: 0.08ms
[2025-12-18T16:00:15.701+0000][gc,heap     ] GC(4) Eden regions: 8->0(50)
[2025-12-18T16:00:15.701+0000][gc,heap     ] GC(4) Survivor regions: 6->1(7)
[2025-12-18T16:00:15.701+0000][gc,heap     ] GC(4) Old regions: 11->15
[2025-12-18T16:00:15.701+0000][gc,heap     ] GC(4) Humongous regions: 9->9
[2025-12-18T16:00:15.701+0000][gc,metaspace] GC(4) Metaspace: 35782K(36288K)->35782K(36288K) NonClass: 31644K(31936K)->31644K(31936K) Class: 4137K(4352K)->4137K(4352K)
[2025-12-18T16:00:15.701+0000][gc          ] GC(4) Pause Young (Mixed) (Metadata GC Threshold) 31M->24M(1024M) 19.848ms
[2025-12-18T16:00:15.702+0000][gc,cpu      ] GC(4) User=0.02s Sys=0.01s Real=0.02s
[2025-12-18T16:00:15.743+0000][gc,start    ] GC(5) Pause Young (Concurrent Start) (Metadata GC Threshold)
[2025-12-18T16:00:15.744+0000][gc,task     ] GC(5) Using 2 workers of 2 for evacuation
[2025-12-18T16:00:15.749+0000][gc,phases   ] GC(5)   Pre Evacuate Collection Set: 0.28ms
[2025-12-18T16:00:15.749+0000][gc,phases   ] GC(5)   Merge Heap Roots: 0.03ms
[2025-12-18T16:00:15.749+0000][gc,phases   ] GC(5)   Evacuate Collection Set: 4.42ms
[2025-12-18T16:00:15.749+0000][gc,phases   ] GC(5)   Post Evacuate Collection Set: 0.33ms
[2025-12-18T16:00:15.749+0000][gc,phases   ] GC(5)   Other: 0.16ms
[2025-12-18T16:00:15.749+0000][gc,heap     ] GC(5) Eden regions: 3->0(50)
[2025-12-18T16:00:15.749+0000][gc,heap     ] GC(5) Survivor regions: 1->1(7)
[2025-12-18T16:00:15.749+0000][gc,heap     ] GC(5) Old regions: 15->15
[2025-12-18T16:00:15.749+0000][gc,heap     ] GC(5) Humongous regions: 9->9
[2025-12-18T16:00:15.749+0000][gc,metaspace] GC(5) Metaspace: 36157K(36608K)->36157K(36608K) NonClass: 31973K(32256K)->31973K(32256K) Class: 4184K(4352K)->4184K(4352K)
[2025-12-18T16:00:15.749+0000][gc          ] GC(5) Pause Young (Concurrent Start) (Metadata GC Threshold) 27M->24M(1024M) 5.841ms
[2025-12-18T16:00:15.749+0000][gc          ] GC(6) Concurrent Mark Cycle
[2025-12-18T16:00:15.749+0000][gc,marking  ] GC(6) Concurrent Scan Root Regions
[2025-12-18T16:00:15.750+0000][gc,marking  ] GC(6) Concurrent Scan Root Regions 0.866ms
[2025-12-18T16:00:15.750+0000][gc,marking  ] GC(6) Concurrent Mark
[2025-12-18T16:00:15.750+0000][gc,marking  ] GC(6) Concurrent Mark From Roots
[2025-12-18T16:00:15.750+0000][gc,task     ] GC(6) Using 1 workers of 1 for marking
[2025-12-18T16:00:15.750+0000][gc,cpu      ] GC(5) User=0.01s Sys=0.00s Real=0.01s
[2025-12-18T16:00:15.817+0000][gc,marking  ] GC(6) Concurrent Mark From Roots 66.220ms
[2025-12-18T16:00:15.817+0000][gc,marking  ] GC(6) Concurrent Preclean
[2025-12-18T16:00:15.817+0000][gc,marking  ] GC(6) Concurrent Preclean 0.132ms
[2025-12-18T16:00:15.817+0000][gc,start    ] GC(6) Pause Remark
[2025-12-18T16:00:15.824+0000][gc          ] GC(6) Pause Remark 27M->27M(1024M) 6.878ms
[2025-12-18T16:00:15.824+0000][gc,cpu      ] GC(6) User=0.01s Sys=0.00s Real=0.01s
[2025-12-18T16:00:15.825+0000][gc,marking  ] GC(6) Concurrent Mark 75.102ms
[2025-12-18T16:00:15.825+0000][gc,marking  ] GC(6) Concurrent Rebuild Remembered Sets and Scrub Regions
[2025-12-18T16:00:15.836+0000][gc,marking  ] GC(6) Concurrent Rebuild Remembered Sets and Scrub Regions 10.643ms
[2025-12-18T16:00:15.837+0000][gc,start    ] GC(6) Pause Cleanup
[2025-12-18T16:00:15.837+0000][gc          ] GC(6) Pause Cleanup 28M->28M(1024M) 0.220ms
[2025-12-18T16:00:15.837+0000][gc,cpu      ] GC(6) User=0.00s Sys=0.00s Real=0.00s
[2025-12-18T16:00:15.837+0000][gc,marking  ] GC(6) Concurrent Clear Claimed Marks
[2025-12-18T16:00:15.837+0000][gc,marking  ] GC(6) Concurrent Clear Claimed Marks 0.145ms
[2025-12-18T16:00:15.838+0000][gc,marking  ] GC(6) Concurrent Cleanup for Next Mark
[2025-12-18T16:00:15.841+0000][gc,marking  ] GC(6) Concurrent Cleanup for Next Mark 3.590ms
[2025-12-18T16:00:15.841+0000][gc          ] GC(6) Concurrent Mark Cycle 91.769ms
[2025-12-18T16:00:16.719+0000][gc,start    ] GC(7) Pause Young (Prepare Mixed) (G1 Evacuation Pause)
[2025-12-18T16:00:16.719+0000][gc,task     ] GC(7) Using 2 workers of 2 for evacuation
[2025-12-18T16:00:16.731+0000][gc,phases   ] GC(7)   Pre Evacuate Collection Set: 0.17ms
[2025-12-18T16:00:16.731+0000][gc,phases   ] GC(7)   Merge Heap Roots: 0.21ms
[2025-12-18T16:00:16.731+0000][gc,phases   ] GC(7)   Evacuate Collection Set: 11.16ms
[2025-12-18T16:00:16.731+0000][gc,phases   ] GC(7)   Post Evacuate Collection Set: 0.59ms
[2025-12-18T16:00:16.731+0000][gc,phases   ] GC(7)   Other: 0.06ms
[2025-12-18T16:00:16.731+0000][gc,heap     ] GC(7) Eden regions: 50->0(44)
[2025-12-18T16:00:16.731+0000][gc,heap     ] GC(7) Survivor regions: 1->7(7)
[2025-12-18T16:00:16.731+0000][gc,heap     ] GC(7) Old regions: 15->17
[2025-12-18T16:00:16.731+0000][gc,heap     ] GC(7) Humongous regions: 138->138
[2025-12-18T16:00:16.731+0000][gc,metaspace] GC(7) Metaspace: 43618K(44416K)->43618K(44416K) NonClass: 38491K(38976K)->38491K(38976K) Class: 5127K(5440K)->5127K(5440K)
[2025-12-18T16:00:16.731+0000][gc          ] GC(7) Pause Young (Prepare Mixed) (G1 Evacuation Pause) 203M->161M(1024M) 12.499ms
[2025-12-18T16:00:16.731+0000][gc,cpu      ] GC(7) User=0.01s Sys=0.00s Real=0.02s
[2025-12-18T16:10:27.455+0000][gc,start    ] GC(8) Pause Young (Mixed) (G1 Evacuation Pause)
[2025-12-18T16:10:27.455+0000][gc,task     ] GC(8) Using 2 workers of 2 for evacuation
[2025-12-18T16:10:27.465+0000][gc,phases   ] GC(8)   Pre Evacuate Collection Set: 0.18ms
[2025-12-18T16:10:27.465+0000][gc,phases   ] GC(8)   Merge Heap Roots: 0.07ms
[2025-12-18T16:10:27.465+0000][gc,phases   ] GC(8)   Evacuate Collection Set: 9.50ms
[2025-12-18T16:10:27.465+0000][gc,phases   ] GC(8)   Post Evacuate Collection Set: 0.49ms
[2025-12-18T16:10:27.465+0000][gc,phases   ] GC(8)   Other: 0.06ms
[2025-12-18T16:10:27.465+0000][gc,heap     ] GC(8) Eden regions: 44->0(50)
[2025-12-18T16:10:27.465+0000][gc,heap     ] GC(8) Survivor regions: 7->1(7)
[2025-12-18T16:10:27.465+0000][gc,heap     ] GC(8) Old regions: 17->24
[2025-12-18T16:10:27.465+0000][gc,heap     ] GC(8) Humongous regions: 138->138
[2025-12-18T16:10:27.465+0000][gc,metaspace] GC(8) Metaspace: 45786K(46656K)->45786K(46656K) NonClass: 40567K(41088K)->40567K(41088K) Class: 5218K(5568K)->5218K(5568K)
[2025-12-18T16:10:27.465+0000][gc          ] GC(8) Pause Young (Mixed) (G1 Evacuation Pause) 205M->162M(1024M) 10.531ms
[2025-12-18T16:10:27.465+0000][gc,cpu      ] GC(8) User=0.02s Sys=0.00s Real=0.01s
[2025-12-18T16:24:53.641+0000][gc,start    ] GC(9) Pause Young (Normal) (G1 Evacuation Pause)
[2025-12-18T16:24:53.641+0000][gc,task     ] GC(9) Using 2 workers of 2 for evacuation
[2025-12-18T16:24:53.646+0000][gc,phases   ] GC(9)   Pre Evacuate Collection Set: 0.23ms
[2025-12-18T16:24:53.646+0000][gc,phases   ] GC(9)   Merge Heap Roots: 0.06ms
[2025-12-18T16:24:53.646+0000][gc,phases   ] GC(9)   Evacuate Collection Set: 2.99ms
[2025-12-18T16:24:53.646+0000][gc,phases   ] GC(9)   Post Evacuate Collection Set: 1.27ms
[2025-12-18T16:24:53.646+0000][gc,phases   ] GC(9)   Other: 0.06ms
[2025-12-18T16:24:53.646+0000][gc,heap     ] GC(9) Eden regions: 50->0(49)
[2025-12-18T16:24:53.646+0000][gc,heap     ] GC(9) Survivor regions: 1->2(7)
[2025-12-18T16:24:53.646+0000][gc,heap     ] GC(9) Old regions: 24->24
[2025-12-18T16:24:53.646+0000][gc,heap     ] GC(9) Humongous regions: 138->138
[2025-12-18T16:24:53.646+0000][gc,metaspace] GC(9) Metaspace: 46088K(46912K)->46088K(46912K) NonClass: 40869K(41344K)->40869K(41344K) Class: 5218K(5568K)->5218K(5568K)
[2025-12-18T16:24:53.646+0000][gc          ] GC(9) Pause Young (Normal) (G1 Evacuation Pause) 212M->163M(1024M) 4.844ms
[2025-12-18T16:24:53.646+0000][gc,cpu      ] GC(9) User=0.00s Sys=0.00s Real=0.00s
[2025-12-18T16:40:01.357+0000][gc,start    ] GC(10) Pause Young (Normal) (G1 Evacuation Pause)
[2025-12-18T16:40:01.358+0000][gc,task     ] GC(10) Using 2 workers of 2 for evacuation
[2025-12-18T16:40:01.362+0000][gc,phases   ] GC(10)   Pre Evacuate Collection Set: 0.17ms
[2025-12-18T16:40:01.362+0000][gc,phases   ] GC(10)   Merge Heap Roots: 0.06ms
[2025-12-18T16:40:01.362+0000][gc,phases   ] GC(10)   Evacuate Collection Set: 3.39ms
[2025-12-18T16:40:01.362+0000][gc,phases   ] GC(10)   Post Evacuate Collection Set: 0.39ms
[2025-12-18T16:40:01.362+0000][gc,phases   ] GC(10)   Other: 0.06ms
[2025-12-18T16:40:01.362+0000][gc,heap     ] GC(10) Eden regions: 49->0(48)
[2025-12-18T16:40:01.362+0000][gc,heap     ] GC(10) Survivor regions: 2->3(7)
[2025-12-18T16:40:01.362+0000][gc,heap     ] GC(10) Old regions: 24->24
[2025-12-18T16:40:01.362+0000][gc,heap     ] GC(10) Humongous regions: 138->138
[2025-12-18T16:40:01.362+0000][gc,metaspace] GC(10) Metaspace: 46142K(46976K)->46142K(46976K) NonClass: 40923K(41408K)->40923K(41408K) Class: 5218K(5568K)->5218K(5568K)
[2025-12-18T16:40:01.362+0000][gc          ] GC(10) Pause Young (Normal) (G1 Evacuation Pause) 212M->163M(1024M) 4.260ms
[2025-12-18T16:40:01.362+0000][gc,cpu      ] GC(10) User=0.01s Sys=0.00s Real=0.01s
