[2025-12-18T20:32:41.771+0000][gc,init] CardTable entry size: 512
[2025-12-18T20:32:41.772+0000][gc     ] Using G1
[2025-12-18T20:32:41.783+0000][gc,init] Version: 21.0.9+10-LTS (release)
[2025-12-18T20:32:41.783+0000][gc,init] CPUs: 2 total, 2 available
[2025-12-18T20:32:41.783+0000][gc,init] Memory: 7944M
[2025-12-18T20:32:41.783+0000][gc,init] Large Page Support: Disabled
[2025-12-18T20:32:41.783+0000][gc,init] NUMA Support: Disabled
[2025-12-18T20:32:41.783+0000][gc,init] Compressed Oops: Enabled (32-bit)
[2025-12-18T20:32:41.783+0000][gc,init] Heap Region Size: 1M
[2025-12-18T20:32:41.783+0000][gc,init] Heap Min Capacity: 1G
[2025-12-18T20:32:41.783+0000][gc,init] Heap Initial Capacity: 1G
[2025-12-18T20:32:41.783+0000][gc,init] Heap Max Capacity: 1G
[2025-12-18T20:32:41.783+0000][gc,init] Pre-touch: Disabled
[2025-12-18T20:32:41.783+0000][gc,init] Parallel Workers: 2
[2025-12-18T20:32:41.783+0000][gc,init] Concurrent Workers: 1
[2025-12-18T20:32:41.783+0000][gc,init] Concurrent Refinement Workers: 2
[2025-12-18T20:32:41.783+0000][gc,init] Periodic GC: Disabled
[2025-12-18T20:32:41.793+0000][gc,metaspace] CDS archive(s) mapped at: [0x000071611f000000-0x000071611fca0000-0x000071611fca0000), size 13238272, SharedBaseAddress: 0x000071611f000000, ArchiveRelocationMode: 1.
[2025-12-18T20:32:41.793+0000][gc,metaspace] Compressed class space mapped at: 0x0000716120000000-0x0000716160000000, reserved size: 1073741824
[2025-12-18T20:32:41.794+0000][gc,metaspace] Narrow klass base: 0x000071611f000000, Narrow klass shift: 0, Narrow klass range: 0x100000000
[2025-12-18T20:32:43.191+0000][gc,start    ] GC(0) Pause Young (Normal) (G1 Evacuation Pause)
[2025-12-18T20:32:43.191+0000][gc,task     ] GC(0) Using 2 workers of 2 for evacuation
[2025-12-18T20:32:43.199+0000][gc,phases   ] GC(0)   Pre Evacuate Collection Set: 0.14ms
[2025-12-18T20:32:43.199+0000][gc,phases   ] GC(0)   Merge Heap Roots: 0.07ms
[2025-12-18T20:32:43.199+0000][gc,phases   ] GC(0)   Evacuate Collection Set: 6.57ms
[2025-12-18T20:32:43.199+0000][gc,phases   ] GC(0)   Post Evacuate Collection Set: 0.42ms
[2025-12-18T20:32:43.199+0000][gc,phases   ] GC(0)   Other: 0.29ms
[2025-12-18T20:32:43.199+0000][gc,heap     ] GC(0) Eden regions: 51->0(44)
[2025-12-18T20:32:43.199+0000][gc,heap     ] GC(0) Survivor regions: 0->7(7)
[2025-12-18T20:32:43.199+0000][gc,heap     ] GC(0) Old regions: 2->4
[2025-12-18T20:32:43.199+0000][gc,heap     ] GC(0) Humongous regions: 0->0
[2025-12-18T20:32:43.199+0000][gc,metaspace] GC(0) Metaspace: 15453K(15680K)->15453K(15680K) NonClass: 13725K(13824K)->13725K(13824K) Class: 1728K(1856K)->1728K(1856K)
[2025-12-18T20:32:43.199+0000][gc          ] GC(0) Pause Young (Normal) (G1 Evacuation Pause) 52M->9M(1024M) 7.988ms
[2025-12-18T20:32:43.199+0000][gc,cpu      ] GC(0) User=0.00s Sys=0.00s Real=0.00s
[2025-12-18T20:32:43.496+0000][gc,start    ] GC(1) Pause Young (Concurrent Start) (Metadata GC Threshold)
[2025-12-18T20:32:43.496+0000][gc,task     ] GC(1) Using 2 workers of 2 for evacuation
[2025-12-18T20:32:43.504+0000][gc,phases   ] GC(1)   Pre Evacuate Collection Set: 0.14ms
[2025-12-18T20:32:43.504+0000][gc,phases   ] GC(1)   Merge Heap Roots: 0.04ms
[2025-12-18T20:32:43.504+0000][gc,phases   ] GC(1)   Evacuate Collection Set: 7.89ms
[2025-12-18T20:32:43.504+0000][gc,phases   ] GC(1)   Post Evacuate Collection Set: 0.36ms
[2025-12-18T20:32:43.504+0000][gc,phases   ] GC(1)   Other: 0.08ms
[2025-12-18T20:32:43.504+0000][gc,heap     ] GC(1) Eden regions: 17->0(50)
[2025-12-18T20:32:43.504+0000][gc,heap     ] GC(1) Survivor regions: 7->1(7)
[2025-12-18T20:32:43.504+0000][gc,heap     ] GC(1) Old regions: 4->11
[2025-12-18T20:32:43.504+0000][gc,heap     ] GC(1) Humongous regions: 0->0
[2025-12-18T20:32:43.504+0000][gc,metaspace] GC(1) Metaspace: 21275K(21504K)->21275K(21504K) NonClass: 18707K(18816K)->18707K(18816K) Class: 2568K(2688K)->2568K(2688K)
[2025-12-18T20:32:43.504+0000][gc          ] GC(1) Pause Young (Concurrent Start) (Metadata GC Threshold) 26M->10M(1024M) 8.722ms
[2025-12-18T20:32:43.504+0000][gc,cpu      ] GC(1) User=0.02s Sys=0.00s Real=0.01s
[2025-12-18T20:32:43.504+0000][gc          ] GC(2) Concurrent Mark Cycle
[2025-12-18T20:32:43.504+0000][gc,marking  ] GC(2) Concurrent Scan Root Regions
[2025-12-18T20:32:43.510+0000][gc,marking  ] GC(2) Concurrent Scan Root Regions 5.992ms
[2025-12-18T20:32:43.511+0000][gc,marking  ] GC(2) Concurrent Mark
[2025-12-18T20:32:43.511+0000][gc,marking  ] GC(2) Concurrent Mark From Roots
[2025-12-18T20:32:43.511+0000][gc,task     ] GC(2) Using 1 workers of 1 for marking
[2025-12-18T20:32:43.515+0000][gc,marking  ] GC(2) Concurrent Mark From Roots 4.292ms
[2025-12-18T20:32:43.515+0000][gc,marking  ] GC(2) Concurrent Preclean
[2025-12-18T20:32:43.516+0000][gc,marking  ] GC(2) Concurrent Preclean 0.039ms
[2025-12-18T20:32:43.516+0000][gc,start    ] GC(2) Pause Remark
[2025-12-18T20:32:43.518+0000][gc          ] GC(2) Pause Remark 11M->11M(1024M) 2.734ms
[2025-12-18T20:32:43.519+0000][gc,cpu      ] GC(2) User=0.00s Sys=0.00s Real=0.00s
[2025-12-18T20:32:43.519+0000][gc,marking  ] GC(2) Concurrent Mark 7.972ms
[2025-12-18T20:32:43.519+0000][gc,marking  ] GC(2) Concurrent Rebuild Remembered Sets and Scrub Regions
[2025-12-18T20:32:43.522+0000][gc,marking  ] GC(2) Concurrent Rebuild Remembered Sets and Scrub Regions 3.626ms
[2025-12-18T20:32:43.523+0000][gc,start    ] GC(2) Pause Cleanup
[2025-12-18T20:32:43.523+0000][gc          ] GC(2) Pause Cleanup 11M->11M(1024M) 0.182ms
[2025-12-18T20:32:43.523+0000][gc,cpu      ] GC(2) User=0.00s Sys=0.00s Real=0.00s
[2025-12-18T20:32:43.523+0000][gc,marking  ] GC(2) Concurrent Clear Claimed Marks
[2025-12-18T20:32:43.523+0000][gc,marking  ] GC(2) Concurrent Clear Claimed Marks 0.039ms
[2025-12-18T20:32:43.523+0000][gc,marking  ] GC(2) Concurrent Cleanup for Next Mark
[2025-12-18T20:32:43.535+0000][gc,marking  ] GC(2) Concurrent Cleanup for Next Mark 12.193ms
[2025-12-18T20:32:43.535+0000][gc          ] GC(2) Concurrent Mark Cycle 30.941ms
[2025-12-18T20:32:44.650+0000][gc,start    ] GC(3) Pause Young (Prepare Mixed) (G1 Evacuation Pause)
[2025-12-18T20:32:44.650+0000][gc,task     ] GC(3) Using 2 workers of 2 for evacuation
[2025-12-18T20:32:44.658+0000][gc,phases   ] GC(3)   Pre Evacuate Collection Set: 0.10ms
[2025-12-18T20:32:44.658+0000][gc,phases   ] GC(3)   Merge Heap Roots: 0.04ms
[2025-12-18T20:32:44.658+0000][gc,phases   ] GC(3)   Evacuate Collection Set: 7.16ms
[2025-12-18T20:32:44.658+0000][gc,phases   ] GC(3)   Post Evacuate Collection Set: 0.47ms
[2025-12-18T20:32:44.658+0000][gc,phases   ] GC(3)   Other: 0.12ms
[2025-12-18T20:32:44.658+0000][gc,heap     ] GC(3) Eden regions: 50->0(45)
[2025-12-18T20:32:44.658+0000][gc,heap     ] GC(3) Survivor regions: 1->6(7)
[2025-12-18T20:32:44.658+0000][gc,heap     ] GC(3) Old regions: 11->11
[2025-12-18T20:32:44.658+0000][gc,heap     ] GC(3) Humongous regions: 0->0
[2025-12-18T20:32:44.658+0000][gc,metaspace] GC(3) Metaspace: 32696K(33088K)->32696K(33088K) NonClass: 28967K(29184K)->28967K(29184K) Class: 3728K(3904K)->3728K(3904K)
[2025-12-18T20:32:44.658+0000][gc          ] GC(3) Pause Young (Prepare Mixed) (G1 Evacuation Pause) 60M->14M(1024M) 8.245ms
[2025-12-18T20:32:44.658+0000][gc,cpu      ] GC(3) User=0.01s Sys=0.00s Real=0.01s
[2025-12-18T20:32:45.135+0000][gc,start    ] GC(4) Pause Young (Mixed) (Metadata GC Threshold)
[2025-12-18T20:32:45.135+0000][gc,task     ] GC(4) Using 2 workers of 2 for evacuation
[2025-12-18T20:32:45.145+0000][gc,phases   ] GC(4)   Pre Evacuate Collection Set: 0.11ms
[2025-12-18T20:32:45.145+0000][gc,phases   ] GC(4)   Merge Heap Roots: 0.04ms
[2025-12-18T20:32:45.145+0000][gc,phases   ] GC(4)   Evacuate Collection Set: 9.67ms
[2025-12-18T20:32:45.145+0000][gc,phases   ] GC(4)   Post Evacuate Collection Set: 0.34ms
[2025-12-18T20:32:45.145+0000][gc,phases   ] GC(4)   Other: 0.07ms
[2025-12-18T20:32:45.145+0000][gc,heap     ] GC(4) Eden regions: 18->0(50)
[2025-12-18T20:32:45.145+0000][gc,heap     ] GC(4) Survivor regions: 6->1(7)
[2025-12-18T20:32:45.145+0000][gc,heap     ] GC(4) Old regions: 11->15
[2025-12-18T20:32:45.145+0000][gc,heap     ] GC(4) Humongous regions: 10->10
[2025-12-18T20:32:45.145+0000][gc,metaspace] GC(4) Metaspace: 35803K(36288K)->35803K(36288K) NonClass: 31680K(31936K)->31680K(31936K) Class: 4123K(4352K)->4123K(4352K)
[2025-12-18T20:32:45.145+0000][gc          ] GC(4) Pause Young (Mixed) (Metadata GC Threshold) 42M->25M(1024M) 10.543ms
[2025-12-18T20:32:45.145+0000][gc,cpu      ] GC(4) User=0.02s Sys=0.00s Real=0.01s
[2025-12-18T20:32:45.172+0000][gc,start    ] GC(5) Pause Young (Concurrent Start) (Metadata GC Threshold)
[2025-12-18T20:32:45.172+0000][gc,task     ] GC(5) Using 2 workers of 2 for evacuation
[2025-12-18T20:32:45.176+0000][gc,phases   ] GC(5)   Pre Evacuate Collection Set: 0.11ms
[2025-12-18T20:32:45.176+0000][gc,phases   ] GC(5)   Merge Heap Roots: 0.04ms
[2025-12-18T20:32:45.176+0000][gc,phases   ] GC(5)   Evacuate Collection Set: 3.46ms
[2025-12-18T20:32:45.176+0000][gc,phases   ] GC(5)   Post Evacuate Collection Set: 0.48ms
[2025-12-18T20:32:45.176+0000][gc,phases   ] GC(5)   Other: 0.09ms
[2025-12-18T20:32:45.176+0000][gc,heap     ] GC(5) Eden regions: 2->0(50)
[2025-12-18T20:32:45.176+0000][gc,heap     ] GC(5) Survivor regions: 1->1(7)
[2025-12-18T20:32:45.176+0000][gc,heap     ] GC(5) Old regions: 15->15
[2025-12-18T20:32:45.176+0000][gc,heap     ] GC(5) Humongous regions: 11->11
[2025-12-18T20:32:45.176+0000][gc,metaspace] GC(5) Metaspace: 36168K(36608K)->36168K(36608K) NonClass: 32005K(32256K)->32005K(32256K) Class: 4162K(4352K)->4162K(4352K)
[2025-12-18T20:32:45.176+0000][gc          ] GC(5) Pause Young (Concurrent Start) (Metadata GC Threshold) 28M->26M(1024M) 4.488ms
[2025-12-18T20:32:45.176+0000][gc,cpu      ] GC(5) User=0.01s Sys=0.00s Real=0.00s
[2025-12-18T20:32:45.176+0000][gc          ] GC(6) Concurrent Mark Cycle
[2025-12-18T20:32:45.179+0000][gc,marking  ] GC(6) Concurrent Scan Root Regions
[2025-12-18T20:32:45.186+0000][gc,marking  ] GC(6) Concurrent Scan Root Regions 6.999ms
[2025-12-18T20:32:45.187+0000][gc,marking  ] GC(6) Concurrent Mark
[2025-12-18T20:32:45.187+0000][gc,marking  ] GC(6) Concurrent Mark From Roots
[2025-12-18T20:32:45.187+0000][gc,task     ] GC(6) Using 1 workers of 1 for marking
[2025-12-18T20:32:45.254+0000][gc,marking  ] GC(6) Concurrent Mark From Roots 67.398ms
[2025-12-18T20:32:45.256+0000][gc,marking  ] GC(6) Concurrent Preclean
[2025-12-18T20:32:45.256+0000][gc,marking  ] GC(6) Concurrent Preclean 0.089ms
[2025-12-18T20:32:45.256+0000][gc,start    ] GC(6) Pause Remark
[2025-12-18T20:32:45.262+0000][gc          ] GC(6) Pause Remark 29M->29M(1024M) 6.324ms
[2025-12-18T20:32:45.262+0000][gc,cpu      ] GC(6) User=0.01s Sys=0.00s Real=0.01s
[2025-12-18T20:32:45.262+0000][gc,marking  ] GC(6) Concurrent Mark 75.871ms
[2025-12-18T20:32:45.262+0000][gc,marking  ] GC(6) Concurrent Rebuild Remembered Sets and Scrub Regions
[2025-12-18T20:32:45.285+0000][gc,marking  ] GC(6) Concurrent Rebuild Remembered Sets and Scrub Regions 22.405ms
[2025-12-18T20:32:45.287+0000][gc,start    ] GC(6) Pause Cleanup
[2025-12-18T20:32:45.287+0000][gc          ] GC(6) Pause Cleanup 29M->29M(1024M) 0.203ms
[2025-12-18T20:32:45.287+0000][gc,cpu      ] GC(6) User=0.00s Sys=0.00s Real=0.00s
[2025-12-18T20:32:45.287+0000][gc,marking  ] GC(6) Concurrent Clear Claimed Marks
[2025-12-18T20:32:45.287+0000][gc,marking  ] GC(6) Concurrent Clear Claimed Marks 0.042ms
[2025-12-18T20:32:45.287+0000][gc,marking  ] GC(6) Concurrent Cleanup for Next Mark
[2025-12-18T20:32:45.295+0000][gc,marking  ] GC(6) Concurrent Cleanup for Next Mark 7.672ms
[2025-12-18T20:32:45.295+0000][gc          ] GC(6) Concurrent Mark Cycle 118.673ms
[2025-12-18T20:32:46.076+0000][gc,start    ] GC(7) Pause Young (Prepare Mixed) (G1 Evacuation Pause)
[2025-12-18T20:32:46.077+0000][gc,task     ] GC(7) Using 2 workers of 2 for evacuation
[2025-12-18T20:32:46.094+0000][gc,phases   ] GC(7)   Pre Evacuate Collection Set: 1.35ms
[2025-12-18T20:32:46.094+0000][gc,phases   ] GC(7)   Merge Heap Roots: 1.06ms
[2025-12-18T20:32:46.094+0000][gc,phases   ] GC(7)   Evacuate Collection Set: 14.62ms
[2025-12-18T20:32:46.094+0000][gc,phases   ] GC(7)   Post Evacuate Collection Set: 0.38ms
[2025-12-18T20:32:46.094+0000][gc,phases   ] GC(7)   Other: 0.08ms
[2025-12-18T20:32:46.094+0000][gc,heap     ] GC(7) Eden regions: 50->0(44)
[2025-12-18T20:32:46.094+0000][gc,heap     ] GC(7) Survivor regions: 1->7(7)
[2025-12-18T20:32:46.094+0000][gc,heap     ] GC(7) Old regions: 15->15
[2025-12-18T20:32:46.094+0000][gc,heap     ] GC(7) Humongous regions: 12->10
[2025-12-18T20:32:46.094+0000][gc,metaspace] GC(7) Metaspace: 41153K(42048K)->41153K(42048K) NonClass: 36357K(36864K)->36357K(36864K) Class: 4796K(5184K)->4796K(5184K)
[2025-12-18T20:32:46.094+0000][gc          ] GC(7) Pause Young (Prepare Mixed) (G1 Evacuation Pause) 77M->31M(1024M) 17.838ms
[2025-12-18T20:32:46.094+0000][gc,cpu      ] GC(7) User=0.02s Sys=0.00s Real=0.02s
[2025-12-18T20:32:47.967+0000][gc,start    ] GC(8) Pause Young (Mixed) (G1 Evacuation Pause)
[2025-12-18T20:32:47.967+0000][gc,task     ] GC(8) Using 2 workers of 2 for evacuation
[2025-12-18T20:32:48.014+0000][gc,mmu      ] GC(8) MMU target violated: 21.0ms (20.0ms/21.0ms)
[2025-12-18T20:32:48.014+0000][gc,phases   ] GC(8)   Pre Evacuate Collection Set: 5.64ms
[2025-12-18T20:32:48.014+0000][gc,phases   ] GC(8)   Merge Heap Roots: 0.06ms
[2025-12-18T20:32:48.015+0000][gc,phases   ] GC(8)   Evacuate Collection Set: 40.94ms
[2025-12-18T20:32:48.015+0000][gc,phases   ] GC(8)   Post Evacuate Collection Set: 0.85ms
[2025-12-18T20:32:48.015+0000][gc,phases   ] GC(8)   Other: 0.17ms
[2025-12-18T20:32:48.015+0000][gc,heap     ] GC(8) Eden regions: 44->0(46)
[2025-12-18T20:32:48.015+0000][gc,heap     ] GC(8) Survivor regions: 7->5(7)
[2025-12-18T20:32:48.015+0000][gc,heap     ] GC(8) Old regions: 15->22
[2025-12-18T20:32:48.015+0000][gc,heap     ] GC(8) Humongous regions: 145->145
[2025-12-18T20:32:48.015+0000][gc,metaspace] GC(8) Metaspace: 47130K(48192K)->47130K(48192K) NonClass: 41574K(42176K)->41574K(42176K) Class: 5555K(6016K)->5555K(6016K)
[2025-12-18T20:32:48.015+0000][gc          ] GC(8) Pause Young (Mixed) (G1 Evacuation Pause) 210M->170M(1024M) 48.170ms
[2025-12-18T20:32:48.015+0000][gc,cpu      ] GC(8) User=0.03s Sys=0.01s Real=0.05s
[2025-12-18T20:36:40.858+0000][gc,start    ] GC(9) Pause Young (Normal) (G1 Evacuation Pause)
[2025-12-18T20:36:40.858+0000][gc,task     ] GC(9) Using 2 workers of 2 for evacuation
[2025-12-18T20:36:40.866+0000][gc,phases   ] GC(9)   Pre Evacuate Collection Set: 0.19ms
[2025-12-18T20:36:40.866+0000][gc,phases   ] GC(9)   Merge Heap Roots: 0.13ms
[2025-12-18T20:36:40.866+0000][gc,phases   ] GC(9)   Evacuate Collection Set: 7.21ms
[2025-12-18T20:36:40.866+0000][gc,phases   ] GC(9)   Post Evacuate Collection Set: 0.43ms
[2025-12-18T20:36:40.866+0000][gc,phases   ] GC(9)   Other: 0.07ms
[2025-12-18T20:36:40.867+0000][gc,heap     ] GC(9) Eden regions: 46->0(48)
[2025-12-18T20:36:40.867+0000][gc,heap     ] GC(9) Survivor regions: 5->3(7)
[2025-12-18T20:36:40.867+0000][gc,heap     ] GC(9) Old regions: 22->26
[2025-12-18T20:36:40.867+0000][gc,heap     ] GC(9) Humongous regions: 146->140
[2025-12-18T20:36:40.867+0000][gc,metaspace] GC(9) Metaspace: 50595K(51712K)->50595K(51712K) NonClass: 44694K(45312K)->44694K(45312K) Class: 5901K(6400K)->5901K(6400K)
[2025-12-18T20:36:40.867+0000][gc          ] GC(9) Pause Young (Normal) (G1 Evacuation Pause) 217M->167M(1024M) 8.284ms
[2025-12-18T20:36:40.867+0000][gc,cpu      ] GC(9) User=0.01s Sys=0.01s Real=0.01s
[2025-12-18T20:41:59.207+0000][gc,start    ] GC(10) Pause Young (Normal) (G1 Evacuation Pause)
[2025-12-18T20:41:59.207+0000][gc,task     ] GC(10) Using 2 workers of 2 for evacuation
[2025-12-18T20:41:59.214+0000][gc,phases   ] GC(10)   Pre Evacuate Collection Set: 0.35ms
[2025-12-18T20:41:59.214+0000][gc,phases   ] GC(10)   Merge Heap Roots: 0.07ms
[2025-12-18T20:41:59.214+0000][gc,phases   ] GC(10)   Evacuate Collection Set: 5.66ms
[2025-12-18T20:41:59.214+0000][gc,phases   ] GC(10)   Post Evacuate Collection Set: 0.51ms
[2025-12-18T20:41:59.214+0000][gc,phases   ] GC(10)   Other: 0.06ms
[2025-12-18T20:41:59.214+0000][gc,heap     ] GC(10) Eden regions: 48->0(48)
[2025-12-18T20:41:59.214+0000][gc,heap     ] GC(10) Survivor regions: 3->3(7)
[2025-12-18T20:41:59.214+0000][gc,heap     ] GC(10) Old regions: 26->26
[2025-12-18T20:41:59.214+0000][gc,heap     ] GC(10) Humongous regions: 140->140
[2025-12-18T20:41:59.214+0000][gc,metaspace] GC(10) Metaspace: 50994K(52096K)->50994K(52096K) NonClass: 45091K(45696K)->45091K(45696K) Class: 5903K(6400K)->5903K(6400K)
[2025-12-18T20:41:59.214+0000][gc          ] GC(10) Pause Young (Normal) (G1 Evacuation Pause) 215M->168M(1024M) 6.875ms
[2025-12-18T20:41:59.214+0000][gc,cpu      ] GC(10) User=0.01s Sys=0.00s Real=0.01s
[2025-12-18T20:47:27.573+0000][gc,start    ] GC(11) Pause Young (Normal) (G1 Evacuation Pause)
[2025-12-18T20:47:27.573+0000][gc,task     ] GC(11) Using 2 workers of 2 for evacuation
[2025-12-18T20:47:27.581+0000][gc,phases   ] GC(11)   Pre Evacuate Collection Set: 0.35ms
[2025-12-18T20:47:27.581+0000][gc,phases   ] GC(11)   Merge Heap Roots: 0.10ms
[2025-12-18T20:47:27.581+0000][gc,phases   ] GC(11)   Evacuate Collection Set: 6.12ms
[2025-12-18T20:47:27.581+0000][gc,phases   ] GC(11)   Post Evacuate Collection Set: 0.52ms
[2025-12-18T20:47:27.581+0000][gc,phases   ] GC(11)   Other: 0.10ms
[2025-12-18T20:47:27.581+0000][gc,heap     ] GC(11) Eden regions: 48->0(46)
[2025-12-18T20:47:27.581+0000][gc,heap     ] GC(11) Survivor regions: 3->5(7)
[2025-12-18T20:47:27.581+0000][gc,heap     ] GC(11) Old regions: 26->26
[2025-12-18T20:47:27.581+0000][gc,heap     ] GC(11) Humongous regions: 140->140
[2025-12-18T20:47:27.581+0000][gc,metaspace] GC(11) Metaspace: 51230K(52416K)->51230K(52416K) NonClass: 45316K(45952K)->45316K(45952K) Class: 5914K(6464K)->5914K(6464K)
[2025-12-18T20:47:27.581+0000][gc          ] GC(11) Pause Young (Normal) (G1 Evacuation Pause) 216M->170M(1024M) 7.557ms
[2025-12-18T20:47:27.581+0000][gc,cpu      ] GC(11) User=0.01s Sys=0.00s Real=0.01s
[2025-12-18T20:52:50.163+0000][gc,start    ] GC(12) Pause Young (Normal) (G1 Evacuation Pause)
[2025-12-18T20:52:50.163+0000][gc,task     ] GC(12) Using 2 workers of 2 for evacuation
[2025-12-18T20:52:50.170+0000][gc,phases   ] GC(12)   Pre Evacuate Collection Set: 0.38ms
[2025-12-18T20:52:50.170+0000][gc,phases   ] GC(12)   Merge Heap Roots: 0.07ms
[2025-12-18T20:52:50.170+0000][gc,phases   ] GC(12)   Evacuate Collection Set: 6.18ms
[2025-12-18T20:52:50.170+0000][gc,phases   ] GC(12)   Post Evacuate Collection Set: 0.36ms
[2025-12-18T20:52:50.170+0000][gc,phases   ] GC(12)   Other: 0.06ms
[2025-12-18T20:52:50.170+0000][gc,heap     ] GC(12) Eden regions: 46->0(47)
[2025-12-18T20:52:50.170+0000][gc,heap     ] GC(12) Survivor regions: 5->4(7)
[2025-12-18T20:52:50.170+0000][gc,heap     ] GC(12) Old regions: 26->27
[2025-12-18T20:52:50.170+0000][gc,heap     ] GC(12) Humongous regions: 140->140
[2025-12-18T20:52:50.170+0000][gc,metaspace] GC(12) Metaspace: 51362K(52544K)->51362K(52544K) NonClass: 45448K(46080K)->45448K(46080K) Class: 5914K(6464K)->5914K(6464K)
[2025-12-18T20:52:50.170+0000][gc          ] GC(12) Pause Young (Normal) (G1 Evacuation Pause) 216M->170M(1024M) 7.473ms
[2025-12-18T20:52:50.170+0000][gc,cpu      ] GC(12) User=0.02s Sys=0.00s Real=0.00s
[2025-12-18T20:55:38.139+0000][gc,heap,exit] Heap
[2025-12-18T20:55:38.139+0000][gc,heap,exit]  garbage-first heap   total 1048576K, used 211088K [0x00000000c0000000, 0x0000000100000000)
[2025-12-18T20:55:38.139+0000][gc,heap,exit]   region size 1024K, 40 young (40960K), 4 survivors (4096K)
[2025-12-18T20:55:38.139+0000][gc,heap,exit]  Metaspace       used 52056K, committed 53248K, reserved 1114112K
[2025-12-18T20:55:38.139+0000][gc,heap,exit]   class space    used 6072K, committed 6592K, reserved 1048576K
