[2025-12-18T17:56:43.139+0000][gc,init] CardTable entry size: 512
[2025-12-18T17:56:43.139+0000][gc     ] Using G1
[2025-12-18T17:56:43.152+0000][gc,init] Version: 21.0.9+10-LTS (release)
[2025-12-18T17:56:43.152+0000][gc,init] CPUs: 2 total, 2 available
[2025-12-18T17:56:43.152+0000][gc,init] Memory: 7944M
[2025-12-18T17:56:43.152+0000][gc,init] Large Page Support: Disabled
[2025-12-18T17:56:43.152+0000][gc,init] NUMA Support: Disabled
[2025-12-18T17:56:43.152+0000][gc,init] Compressed Oops: Enabled (32-bit)
[2025-12-18T17:56:43.152+0000][gc,init] Heap Region Size: 1M
[2025-12-18T17:56:43.152+0000][gc,init] Heap Min Capacity: 1G
[2025-12-18T17:56:43.152+0000][gc,init] Heap Initial Capacity: 1G
[2025-12-18T17:56:43.152+0000][gc,init] Heap Max Capacity: 1G
[2025-12-18T17:56:43.152+0000][gc,init] Pre-touch: Disabled
[2025-12-18T17:56:43.152+0000][gc,init] Parallel Workers: 2
[2025-12-18T17:56:43.152+0000][gc,init] Concurrent Workers: 1
[2025-12-18T17:56:43.152+0000][gc,init] Concurrent Refinement Workers: 2
[2025-12-18T17:56:43.152+0000][gc,init] Periodic GC: Disabled
[2025-12-18T17:56:43.163+0000][gc,metaspace] CDS archive(s) mapped at: [0x0000751867000000-0x0000751867ca0000-0x0000751867ca0000), size 13238272, SharedBaseAddress: 0x0000751867000000, ArchiveRelocationMode: 1.
[2025-12-18T17:56:43.163+0000][gc,metaspace] Compressed class space mapped at: 0x0000751868000000-0x00007518a8000000, reserved size: 1073741824
[2025-12-18T17:56:43.163+0000][gc,metaspace] Narrow klass base: 0x0000751867000000, Narrow klass shift: 0, Narrow klass range: 0x100000000
[2025-12-18T17:56:44.313+0000][gc,start    ] GC(0) Pause Young (Normal) (G1 Evacuation Pause)
[2025-12-18T17:56:44.314+0000][gc,task     ] GC(0) Using 2 workers of 2 for evacuation
[2025-12-18T17:56:44.323+0000][gc,phases   ] GC(0)   Pre Evacuate Collection Set: 0.18ms
[2025-12-18T17:56:44.323+0000][gc,phases   ] GC(0)   Merge Heap Roots: 0.06ms
[2025-12-18T17:56:44.323+0000][gc,phases   ] GC(0)   Evacuate Collection Set: 8.40ms
[2025-12-18T17:56:44.323+0000][gc,phases   ] GC(0)   Post Evacuate Collection Set: 0.41ms
[2025-12-18T17:56:44.323+0000][gc,phases   ] GC(0)   Other: 0.32ms
[2025-12-18T17:56:44.323+0000][gc,heap     ] GC(0) Eden regions: 51->0(44)
[2025-12-18T17:56:44.323+0000][gc,heap     ] GC(0) Survivor regions: 0->7(7)
[2025-12-18T17:56:44.323+0000][gc,heap     ] GC(0) Old regions: 2->4
[2025-12-18T17:56:44.323+0000][gc,heap     ] GC(0) Humongous regions: 0->0
[2025-12-18T17:56:44.323+0000][gc,metaspace] GC(0) Metaspace: 15603K(15808K)->15603K(15808K) NonClass: 13863K(13952K)->13863K(13952K) Class: 1740K(1856K)->1740K(1856K)
[2025-12-18T17:56:44.324+0000][gc          ] GC(0) Pause Young (Normal) (G1 Evacuation Pause) 52M->9M(1024M) 10.037ms
[2025-12-18T17:56:44.324+0000][gc,cpu      ] GC(0) User=0.02s Sys=0.00s Real=0.01s
[2025-12-18T17:56:44.549+0000][gc,start    ] GC(1) Pause Young (Concurrent Start) (Metadata GC Threshold)
[2025-12-18T17:56:44.549+0000][gc,task     ] GC(1) Using 2 workers of 2 for evacuation
[2025-12-18T17:56:44.556+0000][gc,phases   ] GC(1)   Pre Evacuate Collection Set: 0.17ms
[2025-12-18T17:56:44.556+0000][gc,phases   ] GC(1)   Merge Heap Roots: 0.04ms
[2025-12-18T17:56:44.556+0000][gc,phases   ] GC(1)   Evacuate Collection Set: 7.04ms
[2025-12-18T17:56:44.556+0000][gc,phases   ] GC(1)   Post Evacuate Collection Set: 0.36ms
[2025-12-18T17:56:44.556+0000][gc,phases   ] GC(1)   Other: 0.09ms
[2025-12-18T17:56:44.557+0000][gc,heap     ] GC(1) Eden regions: 17->0(50)
[2025-12-18T17:56:44.557+0000][gc,heap     ] GC(1) Survivor regions: 7->1(7)
[2025-12-18T17:56:44.557+0000][gc,heap     ] GC(1) Old regions: 4->11
[2025-12-18T17:56:44.557+0000][gc,heap     ] GC(1) Humongous regions: 0->0
[2025-12-18T17:56:44.557+0000][gc,metaspace] GC(1) Metaspace: 21282K(21504K)->21282K(21504K) NonClass: 18714K(18816K)->18714K(18816K) Class: 2568K(2688K)->2568K(2688K)
[2025-12-18T17:56:44.557+0000][gc          ] GC(1) Pause Young (Concurrent Start) (Metadata GC Threshold) 25M->10M(1024M) 7.933ms
[2025-12-18T17:56:44.557+0000][gc,cpu      ] GC(1) User=0.01s Sys=0.00s Real=0.01s
[2025-12-18T17:56:44.557+0000][gc          ] GC(2) Concurrent Mark Cycle
[2025-12-18T17:56:44.557+0000][gc,marking  ] GC(2) Concurrent Scan Root Regions
[2025-12-18T17:56:44.560+0000][gc,marking  ] GC(2) Concurrent Scan Root Regions 3.497ms
[2025-12-18T17:56:44.560+0000][gc,marking  ] GC(2) Concurrent Mark
[2025-12-18T17:56:44.560+0000][gc,marking  ] GC(2) Concurrent Mark From Roots
[2025-12-18T17:56:44.561+0000][gc,task     ] GC(2) Using 1 workers of 1 for marking
[2025-12-18T17:56:44.565+0000][gc,marking  ] GC(2) Concurrent Mark From Roots 4.122ms
[2025-12-18T17:56:44.565+0000][gc,marking  ] GC(2) Concurrent Preclean
[2025-12-18T17:56:44.565+0000][gc,marking  ] GC(2) Concurrent Preclean 0.114ms
[2025-12-18T17:56:44.565+0000][gc,start    ] GC(2) Pause Remark
[2025-12-18T17:56:44.568+0000][gc          ] GC(2) Pause Remark 11M->11M(1024M) 2.523ms
[2025-12-18T17:56:44.568+0000][gc,cpu      ] GC(2) User=0.00s Sys=0.00s Real=0.00s
[2025-12-18T17:56:44.568+0000][gc,marking  ] GC(2) Concurrent Mark 7.698ms
[2025-12-18T17:56:44.568+0000][gc,marking  ] GC(2) Concurrent Rebuild Remembered Sets and Scrub Regions
[2025-12-18T17:56:44.572+0000][gc,marking  ] GC(2) Concurrent Rebuild Remembered Sets and Scrub Regions 3.916ms
[2025-12-18T17:56:44.573+0000][gc,start    ] GC(2) Pause Cleanup
[2025-12-18T17:56:44.573+0000][gc          ] GC(2) Pause Cleanup 11M->11M(1024M) 0.194ms
[2025-12-18T17:56:44.573+0000][gc,cpu      ] GC(2) User=0.00s Sys=0.00s Real=0.00s
[2025-12-18T17:56:44.573+0000][gc,marking  ] GC(2) Concurrent Clear Claimed Marks
[2025-12-18T17:56:44.573+0000][gc,marking  ] GC(2) Concurrent Clear Claimed Marks 0.132ms
[2025-12-18T17:56:44.573+0000][gc,marking  ] GC(2) Concurrent Cleanup for Next Mark
[2025-12-18T17:56:44.598+0000][gc,marking  ] GC(2) Concurrent Cleanup for Next Mark 24.564ms
[2025-12-18T17:56:44.598+0000][gc          ] GC(2) Concurrent Mark Cycle 41.353ms
[2025-12-18T17:56:45.771+0000][gc,start    ] GC(3) Pause Young (Prepare Mixed) (G1 Evacuation Pause)
[2025-12-18T17:56:45.771+0000][gc,task     ] GC(3) Using 2 workers of 2 for evacuation
[2025-12-18T17:56:45.781+0000][gc,phases   ] GC(3)   Pre Evacuate Collection Set: 0.26ms
[2025-12-18T17:56:45.781+0000][gc,phases   ] GC(3)   Merge Heap Roots: 0.04ms
[2025-12-18T17:56:45.781+0000][gc,phases   ] GC(3)   Evacuate Collection Set: 8.95ms
[2025-12-18T17:56:45.781+0000][gc,phases   ] GC(3)   Post Evacuate Collection Set: 0.50ms
[2025-12-18T17:56:45.781+0000][gc,phases   ] GC(3)   Other: 0.10ms
[2025-12-18T17:56:45.781+0000][gc,heap     ] GC(3) Eden regions: 50->0(45)
[2025-12-18T17:56:45.781+0000][gc,heap     ] GC(3) Survivor regions: 1->6(7)
[2025-12-18T17:56:45.781+0000][gc,heap     ] GC(3) Old regions: 11->11
[2025-12-18T17:56:45.781+0000][gc,heap     ] GC(3) Humongous regions: 0->0
[2025-12-18T17:56:45.781+0000][gc,metaspace] GC(3) Metaspace: 34380K(34816K)->34380K(34816K) NonClass: 30449K(30720K)->30449K(30720K) Class: 3930K(4096K)->3930K(4096K)
[2025-12-18T17:56:45.781+0000][gc          ] GC(3) Pause Young (Prepare Mixed) (G1 Evacuation Pause) 60M->15M(1024M) 10.129ms
[2025-12-18T17:56:45.781+0000][gc,cpu      ] GC(3) User=0.01s Sys=0.00s Real=0.01s
[2025-12-18T17:56:45.899+0000][gc,start    ] GC(4) Pause Young (Mixed) (Metadata GC Threshold)
[2025-12-18T17:56:45.899+0000][gc,task     ] GC(4) Using 2 workers of 2 for evacuation
[2025-12-18T17:56:45.931+0000][gc,mmu      ] GC(4) MMU target violated: 21.0ms (20.0ms/21.0ms)
[2025-12-18T17:56:45.931+0000][gc,phases   ] GC(4)   Pre Evacuate Collection Set: 0.38ms
[2025-12-18T17:56:45.931+0000][gc,phases   ] GC(4)   Merge Heap Roots: 0.72ms
[2025-12-18T17:56:45.931+0000][gc,phases   ] GC(4)   Evacuate Collection Set: 23.65ms
[2025-12-18T17:56:45.931+0000][gc,phases   ] GC(4)   Post Evacuate Collection Set: 6.54ms
[2025-12-18T17:56:45.931+0000][gc,phases   ] GC(4)   Other: 0.12ms
[2025-12-18T17:56:45.931+0000][gc,heap     ] GC(4) Eden regions: 6->0(50)
[2025-12-18T17:56:45.931+0000][gc,heap     ] GC(4) Survivor regions: 6->1(7)
[2025-12-18T17:56:45.931+0000][gc,heap     ] GC(4) Old regions: 11->16
[2025-12-18T17:56:45.931+0000][gc,heap     ] GC(4) Humongous regions: 9->9
[2025-12-18T17:56:45.931+0000][gc,metaspace] GC(4) Metaspace: 35681K(36160K)->35681K(36160K) NonClass: 31552K(31808K)->31552K(31808K) Class: 4128K(4352K)->4128K(4352K)
[2025-12-18T17:56:45.931+0000][gc          ] GC(4) Pause Young (Mixed) (Metadata GC Threshold) 30M->25M(1024M) 31.583ms
[2025-12-18T17:56:45.931+0000][gc,cpu      ] GC(4) User=0.02s Sys=0.00s Real=0.04s
[2025-12-18T17:56:45.975+0000][gc,start    ] GC(5) Pause Young (Concurrent Start) (Metadata GC Threshold)
[2025-12-18T17:56:45.975+0000][gc,task     ] GC(5) Using 2 workers of 2 for evacuation
[2025-12-18T17:56:45.983+0000][gc,phases   ] GC(5)   Pre Evacuate Collection Set: 0.13ms
[2025-12-18T17:56:45.983+0000][gc,phases   ] GC(5)   Merge Heap Roots: 0.04ms
[2025-12-18T17:56:45.983+0000][gc,phases   ] GC(5)   Evacuate Collection Set: 4.01ms
[2025-12-18T17:56:45.983+0000][gc,phases   ] GC(5)   Post Evacuate Collection Set: 3.21ms
[2025-12-18T17:56:45.983+0000][gc,phases   ] GC(5)   Other: 0.12ms
[2025-12-18T17:56:45.983+0000][gc,heap     ] GC(5) Eden regions: 3->0(50)
[2025-12-18T17:56:45.983+0000][gc,heap     ] GC(5) Survivor regions: 1->1(7)
[2025-12-18T17:56:45.983+0000][gc,heap     ] GC(5) Old regions: 16->16
[2025-12-18T17:56:45.983+0000][gc,heap     ] GC(5) Humongous regions: 9->9
[2025-12-18T17:56:45.983+0000][gc,metaspace] GC(5) Metaspace: 36065K(36480K)->36065K(36480K) NonClass: 31896K(32128K)->31896K(32128K) Class: 4169K(4352K)->4169K(4352K)
[2025-12-18T17:56:45.983+0000][gc          ] GC(5) Pause Young (Concurrent Start) (Metadata GC Threshold) 27M->24M(1024M) 7.793ms
[2025-12-18T17:56:45.983+0000][gc,cpu      ] GC(5) User=0.01s Sys=0.00s Real=0.01s
[2025-12-18T17:56:45.984+0000][gc          ] GC(6) Concurrent Mark Cycle
[2025-12-18T17:56:45.984+0000][gc,marking  ] GC(6) Concurrent Scan Root Regions
[2025-12-18T17:56:45.987+0000][gc,marking  ] GC(6) Concurrent Scan Root Regions 2.732ms
[2025-12-18T17:56:45.987+0000][gc,marking  ] GC(6) Concurrent Mark
[2025-12-18T17:56:45.987+0000][gc,marking  ] GC(6) Concurrent Mark From Roots
[2025-12-18T17:56:45.987+0000][gc,task     ] GC(6) Using 1 workers of 1 for marking
[2025-12-18T17:56:46.042+0000][gc,marking  ] GC(6) Concurrent Mark From Roots 54.899ms
[2025-12-18T17:56:46.042+0000][gc,marking  ] GC(6) Concurrent Preclean
[2025-12-18T17:56:46.042+0000][gc,marking  ] GC(6) Concurrent Preclean 0.080ms
[2025-12-18T17:56:46.044+0000][gc,start    ] GC(6) Pause Remark
[2025-12-18T17:56:46.047+0000][gc          ] GC(6) Pause Remark 27M->27M(1024M) 3.196ms
[2025-12-18T17:56:46.047+0000][gc,cpu      ] GC(6) User=0.01s Sys=0.00s Real=0.00s
[2025-12-18T17:56:46.047+0000][gc,marking  ] GC(6) Concurrent Mark 60.527ms
[2025-12-18T17:56:46.047+0000][gc,marking  ] GC(6) Concurrent Rebuild Remembered Sets and Scrub Regions
[2025-12-18T17:56:46.067+0000][gc,marking  ] GC(6) Concurrent Rebuild Remembered Sets and Scrub Regions 19.677ms
[2025-12-18T17:56:46.067+0000][gc,start    ] GC(6) Pause Cleanup
[2025-12-18T17:56:46.067+0000][gc          ] GC(6) Pause Cleanup 28M->28M(1024M) 0.123ms
[2025-12-18T17:56:46.067+0000][gc,cpu      ] GC(6) User=0.00s Sys=0.00s Real=0.00s
[2025-12-18T17:56:46.069+0000][gc,marking  ] GC(6) Concurrent Clear Claimed Marks
[2025-12-18T17:56:46.070+0000][gc,marking  ] GC(6) Concurrent Clear Claimed Marks 0.094ms
[2025-12-18T17:56:46.070+0000][gc,marking  ] GC(6) Concurrent Cleanup for Next Mark
[2025-12-18T17:56:46.071+0000][gc,marking  ] GC(6) Concurrent Cleanup for Next Mark 1.255ms
[2025-12-18T17:56:46.071+0000][gc          ] GC(6) Concurrent Mark Cycle 87.268ms
[2025-12-18T17:56:47.116+0000][gc,start    ] GC(7) Pause Young (Prepare Mixed) (G1 Evacuation Pause)
[2025-12-18T17:56:47.116+0000][gc,task     ] GC(7) Using 2 workers of 2 for evacuation
[2025-12-18T17:56:47.128+0000][gc,phases   ] GC(7)   Pre Evacuate Collection Set: 0.12ms
[2025-12-18T17:56:47.128+0000][gc,phases   ] GC(7)   Merge Heap Roots: 0.07ms
[2025-12-18T17:56:47.128+0000][gc,phases   ] GC(7)   Evacuate Collection Set: 11.22ms
[2025-12-18T17:56:47.128+0000][gc,phases   ] GC(7)   Post Evacuate Collection Set: 0.38ms
[2025-12-18T17:56:47.128+0000][gc,phases   ] GC(7)   Other: 0.07ms
[2025-12-18T17:56:47.128+0000][gc,heap     ] GC(7) Eden regions: 50->0(44)
[2025-12-18T17:56:47.128+0000][gc,heap     ] GC(7) Survivor regions: 1->7(7)
[2025-12-18T17:56:47.128+0000][gc,heap     ] GC(7) Old regions: 16->17
[2025-12-18T17:56:47.128+0000][gc,heap     ] GC(7) Humongous regions: 138->138
[2025-12-18T17:56:47.128+0000][gc,metaspace] GC(7) Metaspace: 43363K(44224K)->43363K(44224K) NonClass: 38289K(38784K)->38289K(38784K) Class: 5073K(5440K)->5073K(5440K)
[2025-12-18T17:56:47.128+0000][gc          ] GC(7) Pause Young (Prepare Mixed) (G1 Evacuation Pause) 203M->161M(1024M) 12.051ms
[2025-12-18T17:56:47.128+0000][gc,cpu      ] GC(7) User=0.02s Sys=0.00s Real=0.01s
[2025-12-18T18:06:16.749+0000][gc,start    ] GC(8) Pause Young (Mixed) (G1 Evacuation Pause)
[2025-12-18T18:06:16.749+0000][gc,task     ] GC(8) Using 2 workers of 2 for evacuation
[2025-12-18T18:06:16.759+0000][gc,phases   ] GC(8)   Pre Evacuate Collection Set: 0.25ms
[2025-12-18T18:06:16.760+0000][gc,phases   ] GC(8)   Merge Heap Roots: 0.07ms
[2025-12-18T18:06:16.760+0000][gc,phases   ] GC(8)   Evacuate Collection Set: 9.26ms
[2025-12-18T18:06:16.760+0000][gc,phases   ] GC(8)   Post Evacuate Collection Set: 0.41ms
[2025-12-18T18:06:16.760+0000][gc,phases   ] GC(8)   Other: 0.08ms
[2025-12-18T18:06:16.760+0000][gc,heap     ] GC(8) Eden regions: 44->0(49)
[2025-12-18T18:06:16.760+0000][gc,heap     ] GC(8) Survivor regions: 7->2(7)
[2025-12-18T18:06:16.760+0000][gc,heap     ] GC(8) Old regions: 17->24
[2025-12-18T18:06:16.760+0000][gc,heap     ] GC(8) Humongous regions: 138->138
[2025-12-18T18:06:16.760+0000][gc,metaspace] GC(8) Metaspace: 46027K(46848K)->46027K(46848K) NonClass: 40778K(41216K)->40778K(41216K) Class: 5248K(5632K)->5248K(5632K)
[2025-12-18T18:06:16.760+0000][gc          ] GC(8) Pause Young (Mixed) (G1 Evacuation Pause) 205M->162M(1024M) 10.366ms
[2025-12-18T18:06:16.760+0000][gc,cpu      ] GC(8) User=0.01s Sys=0.00s Real=0.01s
[2025-12-18T18:17:40.062+0000][gc,start    ] GC(9) Pause Young (Normal) (G1 Evacuation Pause)
[2025-12-18T18:17:40.062+0000][gc,task     ] GC(9) Using 2 workers of 2 for evacuation
[2025-12-18T18:17:40.066+0000][gc,phases   ] GC(9)   Pre Evacuate Collection Set: 0.22ms
[2025-12-18T18:17:40.066+0000][gc,phases   ] GC(9)   Merge Heap Roots: 0.07ms
[2025-12-18T18:17:40.066+0000][gc,phases   ] GC(9)   Evacuate Collection Set: 3.58ms
[2025-12-18T18:17:40.066+0000][gc,phases   ] GC(9)   Post Evacuate Collection Set: 0.43ms
[2025-12-18T18:17:40.066+0000][gc,phases   ] GC(9)   Other: 0.06ms
[2025-12-18T18:17:40.066+0000][gc,heap     ] GC(9) Eden regions: 49->0(49)
[2025-12-18T18:17:40.066+0000][gc,heap     ] GC(9) Survivor regions: 2->2(7)
[2025-12-18T18:17:40.066+0000][gc,heap     ] GC(9) Old regions: 24->24
[2025-12-18T18:17:40.066+0000][gc,heap     ] GC(9) Humongous regions: 138->138
[2025-12-18T18:17:40.066+0000][gc,metaspace] GC(9) Metaspace: 47502K(48512K)->47502K(48512K) NonClass: 41997K(42560K)->41997K(42560K) Class: 5505K(5952K)->5505K(5952K)
[2025-12-18T18:17:40.066+0000][gc          ] GC(9) Pause Young (Normal) (G1 Evacuation Pause) 211M->163M(1024M) 4.592ms
[2025-12-18T18:17:40.066+0000][gc,cpu      ] GC(9) User=0.01s Sys=0.00s Real=0.00s
[2025-12-18T18:31:14.353+0000][gc,start    ] GC(10) Pause Young (Normal) (G1 Evacuation Pause)
[2025-12-18T18:31:14.353+0000][gc,task     ] GC(10) Using 2 workers of 2 for evacuation
[2025-12-18T18:31:14.358+0000][gc,phases   ] GC(10)   Pre Evacuate Collection Set: 0.19ms
[2025-12-18T18:31:14.358+0000][gc,phases   ] GC(10)   Merge Heap Roots: 0.06ms
[2025-12-18T18:31:14.358+0000][gc,phases   ] GC(10)   Evacuate Collection Set: 4.15ms
[2025-12-18T18:31:14.358+0000][gc,phases   ] GC(10)   Post Evacuate Collection Set: 0.38ms
[2025-12-18T18:31:14.358+0000][gc,phases   ] GC(10)   Other: 0.06ms
[2025-12-18T18:31:14.358+0000][gc,heap     ] GC(10) Eden regions: 49->0(48)
[2025-12-18T18:31:14.358+0000][gc,heap     ] GC(10) Survivor regions: 2->3(7)
[2025-12-18T18:31:14.358+0000][gc,heap     ] GC(10) Old regions: 24->24
[2025-12-18T18:31:14.358+0000][gc,heap     ] GC(10) Humongous regions: 138->138
[2025-12-18T18:31:14.358+0000][gc,metaspace] GC(10) Metaspace: 47619K(48576K)->47619K(48576K) NonClass: 42109K(42624K)->42109K(42624K) Class: 5509K(5952K)->5509K(5952K)
[2025-12-18T18:31:14.358+0000][gc          ] GC(10) Pause Young (Normal) (G1 Evacuation Pause) 212M->164M(1024M) 5.057ms
[2025-12-18T18:31:14.358+0000][gc,cpu      ] GC(10) User=0.01s Sys=0.00s Real=0.00s
[2025-12-18T18:45:07.179+0000][gc,start    ] GC(11) Pause Young (Normal) (G1 Evacuation Pause)
[2025-12-18T18:45:07.179+0000][gc,task     ] GC(11) Using 2 workers of 2 for evacuation
[2025-12-18T18:45:07.187+0000][gc,phases   ] GC(11)   Pre Evacuate Collection Set: 0.92ms
[2025-12-18T18:45:07.187+0000][gc,phases   ] GC(11)   Merge Heap Roots: 0.11ms
[2025-12-18T18:45:07.187+0000][gc,phases   ] GC(11)   Evacuate Collection Set: 6.29ms
[2025-12-18T18:45:07.187+0000][gc,phases   ] GC(11)   Post Evacuate Collection Set: 0.50ms
[2025-12-18T18:45:07.187+0000][gc,phases   ] GC(11)   Other: 0.06ms
[2025-12-18T18:45:07.187+0000][gc,heap     ] GC(11) Eden regions: 48->0(47)
[2025-12-18T18:45:07.187+0000][gc,heap     ] GC(11) Survivor regions: 3->4(7)
[2025-12-18T18:45:07.187+0000][gc,heap     ] GC(11) Old regions: 24->24
[2025-12-18T18:45:07.187+0000][gc,heap     ] GC(11) Humongous regions: 138->138
[2025-12-18T18:45:07.187+0000][gc,metaspace] GC(11) Metaspace: 47723K(48704K)->47723K(48704K) NonClass: 42213K(42752K)->42213K(42752K) Class: 5509K(5952K)->5509K(5952K)
[2025-12-18T18:45:07.187+0000][gc          ] GC(11) Pause Young (Normal) (G1 Evacuation Pause) 212M->165M(1024M) 8.111ms
[2025-12-18T18:45:07.187+0000][gc,cpu      ] GC(11) User=0.01s Sys=0.00s Real=0.01s
[2025-12-18T18:58:59.672+0000][gc,start    ] GC(12) Pause Young (Normal) (G1 Evacuation Pause)
[2025-12-18T18:58:59.672+0000][gc,task     ] GC(12) Using 2 workers of 2 for evacuation
[2025-12-18T18:58:59.679+0000][gc,phases   ] GC(12)   Pre Evacuate Collection Set: 0.22ms
[2025-12-18T18:58:59.679+0000][gc,phases   ] GC(12)   Merge Heap Roots: 0.09ms
[2025-12-18T18:58:59.679+0000][gc,phases   ] GC(12)   Evacuate Collection Set: 6.28ms
[2025-12-18T18:58:59.679+0000][gc,phases   ] GC(12)   Post Evacuate Collection Set: 0.40ms
[2025-12-18T18:58:59.679+0000][gc,phases   ] GC(12)   Other: 0.06ms
[2025-12-18T18:58:59.679+0000][gc,heap     ] GC(12) Eden regions: 47->0(46)
[2025-12-18T18:58:59.679+0000][gc,heap     ] GC(12) Survivor regions: 4->5(7)
[2025-12-18T18:58:59.679+0000][gc,heap     ] GC(12) Old regions: 24->24
[2025-12-18T18:58:59.679+0000][gc,heap     ] GC(12) Humongous regions: 147->147
[2025-12-18T18:58:59.679+0000][gc,metaspace] GC(12) Metaspace: 47968K(48896K)->47968K(48896K) NonClass: 42420K(42944K)->42420K(42944K) Class: 5548K(5952K)->5548K(5952K)
[2025-12-18T18:58:59.680+0000][gc          ] GC(12) Pause Young (Normal) (G1 Evacuation Pause) 221M->175M(1024M) 7.361ms
[2025-12-18T18:58:59.680+0000][gc,cpu      ] GC(12) User=0.01s Sys=0.00s Real=0.00s
[2025-12-18T19:13:17.250+0000][gc,start    ] GC(13) Pause Young (Normal) (G1 Evacuation Pause)
[2025-12-18T19:13:17.250+0000][gc,task     ] GC(13) Using 2 workers of 2 for evacuation
[2025-12-18T19:13:17.257+0000][gc,phases   ] GC(13)   Pre Evacuate Collection Set: 0.21ms
[2025-12-18T19:13:17.257+0000][gc,phases   ] GC(13)   Merge Heap Roots: 0.06ms
[2025-12-18T19:13:17.257+0000][gc,phases   ] GC(13)   Evacuate Collection Set: 5.97ms
[2025-12-18T19:13:17.257+0000][gc,phases   ] GC(13)   Post Evacuate Collection Set: 0.37ms
[2025-12-18T19:13:17.257+0000][gc,phases   ] GC(13)   Other: 0.06ms
[2025-12-18T19:13:17.257+0000][gc,heap     ] GC(13) Eden regions: 46->0(48)
[2025-12-18T19:13:17.257+0000][gc,heap     ] GC(13) Survivor regions: 5->3(7)
[2025-12-18T19:13:17.257+0000][gc,heap     ] GC(13) Old regions: 24->26
[2025-12-18T19:13:17.257+0000][gc,heap     ] GC(13) Humongous regions: 147->147
[2025-12-18T19:13:17.257+0000][gc,metaspace] GC(13) Metaspace: 48015K(48960K)->48015K(48960K) NonClass: 42466K(43008K)->42466K(43008K) Class: 5548K(5952K)->5548K(5952K)
[2025-12-18T19:13:17.257+0000][gc          ] GC(13) Pause Young (Normal) (G1 Evacuation Pause) 221M->175M(1024M) 6.911ms
[2025-12-18T19:13:17.257+0000][gc,cpu      ] GC(13) User=0.01s Sys=0.00s Real=0.01s
[2025-12-18T19:18:47.271+0000][gc,start    ] GC(14) Pause Young (Normal) (G1 Evacuation Pause)
[2025-12-18T19:18:47.271+0000][gc,task     ] GC(14) Using 2 workers of 2 for evacuation
[2025-12-18T19:18:47.279+0000][gc,phases   ] GC(14)   Pre Evacuate Collection Set: 0.19ms
[2025-12-18T19:18:47.279+0000][gc,phases   ] GC(14)   Merge Heap Roots: 0.06ms
[2025-12-18T19:18:47.279+0000][gc,phases   ] GC(14)   Evacuate Collection Set: 6.95ms
[2025-12-18T19:18:47.279+0000][gc,phases   ] GC(14)   Post Evacuate Collection Set: 0.40ms
[2025-12-18T19:18:47.279+0000][gc,phases   ] GC(14)   Other: 0.06ms
[2025-12-18T19:18:47.279+0000][gc,heap     ] GC(14) Eden regions: 48->0(45)
[2025-12-18T19:18:47.279+0000][gc,heap     ] GC(14) Survivor regions: 3->6(7)
[2025-12-18T19:18:47.279+0000][gc,heap     ] GC(14) Old regions: 26->26
[2025-12-18T19:18:47.279+0000][gc,heap     ] GC(14) Humongous regions: 148->148
[2025-12-18T19:18:47.279+0000][gc,metaspace] GC(14) Metaspace: 50471K(51520K)->50471K(51520K) NonClass: 44649K(45248K)->44649K(45248K) Class: 5821K(6272K)->5821K(6272K)
[2025-12-18T19:18:47.279+0000][gc          ] GC(14) Pause Young (Normal) (G1 Evacuation Pause) 224M->179M(1024M) 7.960ms
[2025-12-18T19:18:47.279+0000][gc,cpu      ] GC(14) User=0.02s Sys=0.00s Real=0.00s
[2025-12-18T19:25:03.654+0000][gc,start    ] GC(15) Pause Young (Normal) (G1 Evacuation Pause)
[2025-12-18T19:25:03.654+0000][gc,task     ] GC(15) Using 2 workers of 2 for evacuation
[2025-12-18T19:25:03.663+0000][gc,phases   ] GC(15)   Pre Evacuate Collection Set: 0.15ms
[2025-12-18T19:25:03.663+0000][gc,phases   ] GC(15)   Merge Heap Roots: 0.07ms
[2025-12-18T19:25:03.663+0000][gc,phases   ] GC(15)   Evacuate Collection Set: 7.71ms
[2025-12-18T19:25:03.663+0000][gc,phases   ] GC(15)   Post Evacuate Collection Set: 0.38ms
[2025-12-18T19:25:03.663+0000][gc,phases   ] GC(15)   Other: 0.06ms
[2025-12-18T19:25:03.663+0000][gc,heap     ] GC(15) Eden regions: 45->0(46)
[2025-12-18T19:25:03.663+0000][gc,heap     ] GC(15) Survivor regions: 6->5(7)
[2025-12-18T19:25:03.663+0000][gc,heap     ] GC(15) Old regions: 26->28
[2025-12-18T19:25:03.663+0000][gc,heap     ] GC(15) Humongous regions: 148->148
[2025-12-18T19:25:03.663+0000][gc,metaspace] GC(15) Metaspace: 50696K(51776K)->50696K(51776K) NonClass: 44869K(45440K)->44869K(45440K) Class: 5826K(6336K)->5826K(6336K)
[2025-12-18T19:25:03.663+0000][gc          ] GC(15) Pause Young (Normal) (G1 Evacuation Pause) 224M->180M(1024M) 8.577ms
[2025-12-18T19:25:03.663+0000][gc,cpu      ] GC(15) User=0.01s Sys=0.00s Real=0.01s
[2025-12-18T19:31:20.853+0000][gc,start    ] GC(16) Pause Young (Normal) (G1 Evacuation Pause)
[2025-12-18T19:31:20.853+0000][gc,task     ] GC(16) Using 2 workers of 2 for evacuation
[2025-12-18T19:31:20.859+0000][gc,phases   ] GC(16)   Pre Evacuate Collection Set: 0.14ms
[2025-12-18T19:31:20.859+0000][gc,phases   ] GC(16)   Merge Heap Roots: 0.07ms
[2025-12-18T19:31:20.859+0000][gc,phases   ] GC(16)   Evacuate Collection Set: 5.34ms
[2025-12-18T19:31:20.859+0000][gc,phases   ] GC(16)   Post Evacuate Collection Set: 0.40ms
[2025-12-18T19:31:20.859+0000][gc,phases   ] GC(16)   Other: 0.06ms
[2025-12-18T19:31:20.859+0000][gc,heap     ] GC(16) Eden regions: 46->0(83)
[2025-12-18T19:31:20.859+0000][gc,heap     ] GC(16) Survivor regions: 5->2(7)
[2025-12-18T19:31:20.859+0000][gc,heap     ] GC(16) Old regions: 28->30
[2025-12-18T19:31:20.859+0000][gc,heap     ] GC(16) Humongous regions: 148->148
[2025-12-18T19:31:20.859+0000][gc,metaspace] GC(16) Metaspace: 50757K(51904K)->50757K(51904K) NonClass: 44921K(45568K)->44921K(45568K) Class: 5836K(6336K)->5836K(6336K)
[2025-12-18T19:31:20.859+0000][gc          ] GC(16) Pause Young (Normal) (G1 Evacuation Pause) 226M->179M(1024M) 6.222ms
[2025-12-18T19:31:20.859+0000][gc,cpu      ] GC(16) User=0.01s Sys=0.00s Real=0.00s
[2025-12-18T19:36:19.186+0000][gc,heap,exit] Heap
[2025-12-18T19:36:19.186+0000][gc,heap,exit]  garbage-first heap   total 1048576K, used 229983K [0x00000000c0000000, 0x0000000100000000)
[2025-12-18T19:36:19.186+0000][gc,heap,exit]   region size 1024K, 47 young (48128K), 2 survivors (2048K)
[2025-12-18T19:36:19.186+0000][gc,heap,exit]  Metaspace       used 51906K, committed 53056K, reserved 1114112K
[2025-12-18T19:36:19.186+0000][gc,heap,exit]   class space    used 6065K, committed 6592K, reserved 1048576K
