[2025-11-28T08:27:37.110+0000][gc,init] CardTable entry size: 512
[2025-11-28T08:27:37.110+0000][gc     ] Using G1
[2025-11-28T08:27:37.118+0000][gc,init] Version: 21.0.9+10-LTS (release)
[2025-11-28T08:27:37.118+0000][gc,init] CPUs: 2 total, 2 available
[2025-11-28T08:27:37.118+0000][gc,init] Memory: 7944M
[2025-11-28T08:27:37.118+0000][gc,init] Large Page Support: Disabled
[2025-11-28T08:27:37.118+0000][gc,init] NUMA Support: Disabled
[2025-11-28T08:27:37.118+0000][gc,init] Compressed Oops: Enabled (32-bit)
[2025-11-28T08:27:37.118+0000][gc,init] Heap Region Size: 1M
[2025-11-28T08:27:37.118+0000][gc,init] Heap Min Capacity: 1G
[2025-11-28T08:27:37.118+0000][gc,init] Heap Initial Capacity: 1G
[2025-11-28T08:27:37.118+0000][gc,init] Heap Max Capacity: 1G
[2025-11-28T08:27:37.118+0000][gc,init] Pre-touch: Disabled
[2025-11-28T08:27:37.119+0000][gc,init] Parallel Workers: 2
[2025-11-28T08:27:37.119+0000][gc,init] Concurrent Workers: 1
[2025-11-28T08:27:37.119+0000][gc,init] Concurrent Refinement Workers: 2
[2025-11-28T08:27:37.119+0000][gc,init] Periodic GC: Disabled
[2025-11-28T08:27:37.126+0000][gc,metaspace] CDS archive(s) mapped at: [0x000077d947000000-0x000077d947ca0000-0x000077d947ca0000), size 13238272, SharedBaseAddress: 0x000077d947000000, ArchiveRelocationMode: 1.
[2025-11-28T08:27:37.127+0000][gc,metaspace] Compressed class space mapped at: 0x000077d948000000-0x000077d988000000, reserved size: 1073741824
[2025-11-28T08:27:37.127+0000][gc,metaspace] Narrow klass base: 0x000077d947000000, Narrow klass shift: 0, Narrow klass range: 0x100000000
[2025-11-28T08:27:38.298+0000][gc,start    ] GC(0) Pause Young (Normal) (G1 Evacuation Pause)
[2025-11-28T08:27:38.299+0000][gc,task     ] GC(0) Using 2 workers of 2 for evacuation
[2025-11-28T08:27:38.309+0000][gc,phases   ] GC(0)   Pre Evacuate Collection Set: 0.14ms
[2025-11-28T08:27:38.309+0000][gc,phases   ] GC(0)   Merge Heap Roots: 0.06ms
[2025-11-28T08:27:38.309+0000][gc,phases   ] GC(0)   Evacuate Collection Set: 9.10ms
[2025-11-28T08:27:38.309+0000][gc,phases   ] GC(0)   Post Evacuate Collection Set: 0.72ms
[2025-11-28T08:27:38.309+0000][gc,phases   ] GC(0)   Other: 0.29ms
[2025-11-28T08:27:38.309+0000][gc,heap     ] GC(0) Eden regions: 51->0(44)
[2025-11-28T08:27:38.309+0000][gc,heap     ] GC(0) Survivor regions: 0->7(7)
[2025-11-28T08:27:38.309+0000][gc,heap     ] GC(0) Old regions: 2->4
[2025-11-28T08:27:38.309+0000][gc,heap     ] GC(0) Humongous regions: 0->0
[2025-11-28T08:27:38.309+0000][gc,metaspace] GC(0) Metaspace: 15443K(15680K)->15443K(15680K) NonClass: 13714K(13824K)->13714K(13824K) Class: 1728K(1856K)->1728K(1856K)
[2025-11-28T08:27:38.309+0000][gc          ] GC(0) Pause Young (Normal) (G1 Evacuation Pause) 52M->9M(1024M) 10.682ms
[2025-11-28T08:27:38.309+0000][gc,cpu      ] GC(0) User=0.01s Sys=0.00s Real=0.02s
[2025-11-28T08:27:38.600+0000][gc,start    ] GC(1) Pause Young (Concurrent Start) (Metadata GC Threshold)
[2025-11-28T08:27:38.600+0000][gc,task     ] GC(1) Using 2 workers of 2 for evacuation
[2025-11-28T08:27:38.608+0000][gc,phases   ] GC(1)   Pre Evacuate Collection Set: 0.22ms
[2025-11-28T08:27:38.608+0000][gc,phases   ] GC(1)   Merge Heap Roots: 0.04ms
[2025-11-28T08:27:38.608+0000][gc,phases   ] GC(1)   Evacuate Collection Set: 7.44ms
[2025-11-28T08:27:38.608+0000][gc,phases   ] GC(1)   Post Evacuate Collection Set: 0.42ms
[2025-11-28T08:27:38.608+0000][gc,phases   ] GC(1)   Other: 0.11ms
[2025-11-28T08:27:38.608+0000][gc,heap     ] GC(1) Eden regions: 17->0(49)
[2025-11-28T08:27:38.608+0000][gc,heap     ] GC(1) Survivor regions: 7->2(7)
[2025-11-28T08:27:38.608+0000][gc,heap     ] GC(1) Old regions: 4->11
[2025-11-28T08:27:38.608+0000][gc,heap     ] GC(1) Humongous regions: 0->0
[2025-11-28T08:27:38.608+0000][gc,metaspace] GC(1) Metaspace: 21292K(21504K)->21292K(21504K) NonClass: 18724K(18816K)->18724K(18816K) Class: 2568K(2688K)->2568K(2688K)
[2025-11-28T08:27:38.608+0000][gc          ] GC(1) Pause Young (Concurrent Start) (Metadata GC Threshold) 26M->10M(1024M) 8.446ms
[2025-11-28T08:27:38.608+0000][gc,cpu      ] GC(1) User=0.01s Sys=0.01s Real=0.00s
[2025-11-28T08:27:38.609+0000][gc          ] GC(2) Concurrent Mark Cycle
[2025-11-28T08:27:38.609+0000][gc,marking  ] GC(2) Concurrent Scan Root Regions
[2025-11-28T08:27:38.613+0000][gc,marking  ] GC(2) Concurrent Scan Root Regions 3.921ms
[2025-11-28T08:27:38.613+0000][gc,marking  ] GC(2) Concurrent Mark
[2025-11-28T08:27:38.613+0000][gc,marking  ] GC(2) Concurrent Mark From Roots
[2025-11-28T08:27:38.613+0000][gc,task     ] GC(2) Using 1 workers of 1 for marking
[2025-11-28T08:27:38.617+0000][gc,marking  ] GC(2) Concurrent Mark From Roots 4.031ms
[2025-11-28T08:27:38.617+0000][gc,marking  ] GC(2) Concurrent Preclean
[2025-11-28T08:27:38.617+0000][gc,marking  ] GC(2) Concurrent Preclean 0.091ms
[2025-11-28T08:27:38.617+0000][gc,start    ] GC(2) Pause Remark
[2025-11-28T08:27:38.620+0000][gc          ] GC(2) Pause Remark 11M->11M(1024M) 2.551ms
[2025-11-28T08:27:38.620+0000][gc,cpu      ] GC(2) User=0.01s Sys=0.00s Real=0.01s
[2025-11-28T08:27:38.620+0000][gc,marking  ] GC(2) Concurrent Mark 7.214ms
[2025-11-28T08:27:38.620+0000][gc,marking  ] GC(2) Concurrent Rebuild Remembered Sets and Scrub Regions
[2025-11-28T08:27:38.627+0000][gc,marking  ] GC(2) Concurrent Rebuild Remembered Sets and Scrub Regions 6.874ms
[2025-11-28T08:27:38.627+0000][gc,start    ] GC(2) Pause Cleanup
[2025-11-28T08:27:38.630+0000][gc          ] GC(2) Pause Cleanup 11M->11M(1024M) 2.978ms
[2025-11-28T08:27:38.630+0000][gc,cpu      ] GC(2) User=0.00s Sys=0.00s Real=0.01s
[2025-11-28T08:27:38.630+0000][gc,marking  ] GC(2) Concurrent Clear Claimed Marks
[2025-11-28T08:27:38.630+0000][gc,marking  ] GC(2) Concurrent Clear Claimed Marks 0.029ms
[2025-11-28T08:27:38.630+0000][gc,marking  ] GC(2) Concurrent Cleanup for Next Mark
[2025-11-28T08:27:38.654+0000][gc,marking  ] GC(2) Concurrent Cleanup for Next Mark 23.733ms
[2025-11-28T08:27:38.654+0000][gc          ] GC(2) Concurrent Mark Cycle 45.205ms
[2025-11-28T08:27:39.611+0000][gc,start    ] GC(3) Pause Young (Prepare Mixed) (G1 Evacuation Pause)
[2025-11-28T08:27:39.611+0000][gc,task     ] GC(3) Using 2 workers of 2 for evacuation
[2025-11-28T08:27:39.632+0000][gc,mmu      ] GC(3) MMU target violated: 21.0ms (20.0ms/21.0ms)
[2025-11-28T08:27:39.632+0000][gc,phases   ] GC(3)   Pre Evacuate Collection Set: 0.16ms
[2025-11-28T08:27:39.632+0000][gc,phases   ] GC(3)   Merge Heap Roots: 0.36ms
[2025-11-28T08:27:39.632+0000][gc,phases   ] GC(3)   Evacuate Collection Set: 20.22ms
[2025-11-28T08:27:39.632+0000][gc,phases   ] GC(3)   Post Evacuate Collection Set: 0.64ms
[2025-11-28T08:27:39.632+0000][gc,phases   ] GC(3)   Other: 0.09ms
[2025-11-28T08:27:39.632+0000][gc,heap     ] GC(3) Eden regions: 49->0(45)
[2025-11-28T08:27:39.632+0000][gc,heap     ] GC(3) Survivor regions: 2->6(7)
[2025-11-28T08:27:39.632+0000][gc,heap     ] GC(3) Old regions: 11->11
[2025-11-28T08:27:39.632+0000][gc,heap     ] GC(3) Humongous regions: 0->0
[2025-11-28T08:27:39.632+0000][gc,metaspace] GC(3) Metaspace: 34035K(34496K)->34035K(34496K) NonClass: 30129K(30400K)->30129K(30400K) Class: 3905K(4096K)->3905K(4096K)
[2025-11-28T08:27:39.632+0000][gc          ] GC(3) Pause Young (Prepare Mixed) (G1 Evacuation Pause) 59M->14M(1024M) 21.679ms
[2025-11-28T08:27:39.632+0000][gc,cpu      ] GC(3) User=0.01s Sys=0.00s Real=0.02s
[2025-11-28T08:27:39.796+0000][gc,start    ] GC(4) Pause Young (Mixed) (Metadata GC Threshold)
[2025-11-28T08:27:39.796+0000][gc,task     ] GC(4) Using 2 workers of 2 for evacuation
[2025-11-28T08:27:39.830+0000][gc,mmu      ] GC(4) MMU target violated: 21.0ms (20.0ms/21.0ms)
[2025-11-28T08:27:39.830+0000][gc,phases   ] GC(4)   Pre Evacuate Collection Set: 0.13ms
[2025-11-28T08:27:39.830+0000][gc,phases   ] GC(4)   Merge Heap Roots: 0.05ms
[2025-11-28T08:27:39.830+0000][gc,phases   ] GC(4)   Evacuate Collection Set: 32.49ms
[2025-11-28T08:27:39.830+0000][gc,phases   ] GC(4)   Post Evacuate Collection Set: 0.73ms
[2025-11-28T08:27:39.830+0000][gc,phases   ] GC(4)   Other: 0.26ms
[2025-11-28T08:27:39.830+0000][gc,heap     ] GC(4) Eden regions: 8->0(50)
[2025-11-28T08:27:39.830+0000][gc,heap     ] GC(4) Survivor regions: 6->1(7)
[2025-11-28T08:27:39.830+0000][gc,heap     ] GC(4) Old regions: 11->15
[2025-11-28T08:27:39.830+0000][gc,heap     ] GC(4) Humongous regions: 9->9
[2025-11-28T08:27:39.830+0000][gc,metaspace] GC(4) Metaspace: 35807K(36288K)->35807K(36288K) NonClass: 31669K(31936K)->31669K(31936K) Class: 4137K(4352K)->4137K(4352K)
[2025-11-28T08:27:39.830+0000][gc          ] GC(4) Pause Young (Mixed) (Metadata GC Threshold) 31M->24M(1024M) 34.080ms
[2025-11-28T08:27:39.830+0000][gc,cpu      ] GC(4) User=0.01s Sys=0.01s Real=0.04s
[2025-11-28T08:27:39.863+0000][gc,start    ] GC(5) Pause Young (Concurrent Start) (Metadata GC Threshold)
[2025-11-28T08:27:39.863+0000][gc,task     ] GC(5) Using 2 workers of 2 for evacuation
[2025-11-28T08:27:39.869+0000][gc,phases   ] GC(5)   Pre Evacuate Collection Set: 0.80ms
[2025-11-28T08:27:39.869+0000][gc,phases   ] GC(5)   Merge Heap Roots: 0.19ms
[2025-11-28T08:27:39.869+0000][gc,phases   ] GC(5)   Evacuate Collection Set: 2.71ms
[2025-11-28T08:27:39.869+0000][gc,phases   ] GC(5)   Post Evacuate Collection Set: 1.56ms
[2025-11-28T08:27:39.869+0000][gc,phases   ] GC(5)   Other: 0.10ms
[2025-11-28T08:27:39.869+0000][gc,heap     ] GC(5) Eden regions: 3->0(50)
[2025-11-28T08:27:39.869+0000][gc,heap     ] GC(5) Survivor regions: 1->1(7)
[2025-11-28T08:27:39.869+0000][gc,heap     ] GC(5) Old regions: 15->15
[2025-11-28T08:27:39.869+0000][gc,heap     ] GC(5) Humongous regions: 9->9
[2025-11-28T08:27:39.869+0000][gc,metaspace] GC(5) Metaspace: 36167K(36608K)->36167K(36608K) NonClass: 31985K(32256K)->31985K(32256K) Class: 4182K(4352K)->4182K(4352K)
[2025-11-28T08:27:39.869+0000][gc          ] GC(5) Pause Young (Concurrent Start) (Metadata GC Threshold) 27M->24M(1024M) 5.616ms
[2025-11-28T08:27:39.869+0000][gc,cpu      ] GC(5) User=0.01s Sys=0.00s Real=0.01s
[2025-11-28T08:27:39.869+0000][gc          ] GC(6) Concurrent Mark Cycle
[2025-11-28T08:27:39.869+0000][gc,marking  ] GC(6) Concurrent Scan Root Regions
[2025-11-28T08:27:39.870+0000][gc,marking  ] GC(6) Concurrent Scan Root Regions 1.412ms
[2025-11-28T08:27:39.870+0000][gc,marking  ] GC(6) Concurrent Mark
[2025-11-28T08:27:39.870+0000][gc,marking  ] GC(6) Concurrent Mark From Roots
[2025-11-28T08:27:39.870+0000][gc,task     ] GC(6) Using 1 workers of 1 for marking
[2025-11-28T08:27:39.943+0000][gc,marking  ] GC(6) Concurrent Mark From Roots 72.908ms
[2025-11-28T08:27:39.944+0000][gc,marking  ] GC(6) Concurrent Preclean
[2025-11-28T08:27:39.944+0000][gc,marking  ] GC(6) Concurrent Preclean 0.168ms
[2025-11-28T08:27:39.944+0000][gc,start    ] GC(6) Pause Remark
[2025-11-28T08:27:39.951+0000][gc          ] GC(6) Pause Remark 27M->27M(1024M) 6.932ms
[2025-11-28T08:27:39.951+0000][gc,cpu      ] GC(6) User=0.01s Sys=0.00s Real=0.01s
[2025-11-28T08:27:39.953+0000][gc,marking  ] GC(6) Concurrent Mark 82.293ms
[2025-11-28T08:27:39.953+0000][gc,marking  ] GC(6) Concurrent Rebuild Remembered Sets and Scrub Regions
[2025-11-28T08:27:40.026+0000][gc,marking  ] GC(6) Concurrent Rebuild Remembered Sets and Scrub Regions 73.582ms
[2025-11-28T08:27:40.027+0000][gc,start    ] GC(6) Pause Cleanup
[2025-11-28T08:27:40.027+0000][gc          ] GC(6) Pause Cleanup 32M->32M(1024M) 0.172ms
[2025-11-28T08:27:40.027+0000][gc,cpu      ] GC(6) User=0.00s Sys=0.00s Real=0.00s
[2025-11-28T08:27:40.028+0000][gc,marking  ] GC(6) Concurrent Clear Claimed Marks
[2025-11-28T08:27:40.028+0000][gc,marking  ] GC(6) Concurrent Clear Claimed Marks 0.079ms
[2025-11-28T08:27:40.028+0000][gc,marking  ] GC(6) Concurrent Cleanup for Next Mark
[2025-11-28T08:27:40.031+0000][gc,marking  ] GC(6) Concurrent Cleanup for Next Mark 3.549ms
[2025-11-28T08:27:40.031+0000][gc          ] GC(6) Concurrent Mark Cycle 162.431ms
[2025-11-28T08:27:40.824+0000][gc,start    ] GC(7) Pause Young (Normal) (G1 Evacuation Pause)
[2025-11-28T08:27:40.824+0000][gc,task     ] GC(7) Using 2 workers of 2 for evacuation
[2025-11-28T08:27:40.834+0000][gc,phases   ] GC(7)   Pre Evacuate Collection Set: 0.18ms
[2025-11-28T08:27:40.834+0000][gc,phases   ] GC(7)   Merge Heap Roots: 0.07ms
[2025-11-28T08:27:40.834+0000][gc,phases   ] GC(7)   Evacuate Collection Set: 9.64ms
[2025-11-28T08:27:40.834+0000][gc,phases   ] GC(7)   Post Evacuate Collection Set: 0.35ms
[2025-11-28T08:27:40.834+0000][gc,phases   ] GC(7)   Other: 0.09ms
[2025-11-28T08:27:40.834+0000][gc,heap     ] GC(7) Eden regions: 50->0(44)
[2025-11-28T08:27:40.834+0000][gc,heap     ] GC(7) Survivor regions: 1->7(7)
[2025-11-28T08:27:40.834+0000][gc,heap     ] GC(7) Old regions: 15->17
[2025-11-28T08:27:40.834+0000][gc,heap     ] GC(7) Humongous regions: 138->138
[2025-11-28T08:27:40.834+0000][gc,metaspace] GC(7) Metaspace: 43660K(44544K)->43660K(44544K) NonClass: 38530K(39040K)->38530K(39040K) Class: 5130K(5504K)->5130K(5504K)
[2025-11-28T08:27:40.834+0000][gc          ] GC(7) Pause Young (Normal) (G1 Evacuation Pause) 203M->161M(1024M) 10.639ms
[2025-11-28T08:27:40.834+0000][gc,cpu      ] GC(7) User=0.01s Sys=0.00s Real=0.01s
[2025-11-28T08:35:40.551+0000][gc,start    ] GC(8) Pause Young (Normal) (G1 Evacuation Pause)
[2025-11-28T08:35:40.551+0000][gc,task     ] GC(8) Using 2 workers of 2 for evacuation
[2025-11-28T08:35:40.559+0000][gc,phases   ] GC(8)   Pre Evacuate Collection Set: 0.23ms
[2025-11-28T08:35:40.559+0000][gc,phases   ] GC(8)   Merge Heap Roots: 0.07ms
[2025-11-28T08:35:40.559+0000][gc,phases   ] GC(8)   Evacuate Collection Set: 7.74ms
[2025-11-28T08:35:40.559+0000][gc,phases   ] GC(8)   Post Evacuate Collection Set: 0.52ms
[2025-11-28T08:35:40.559+0000][gc,phases   ] GC(8)   Other: 0.06ms
[2025-11-28T08:35:40.559+0000][gc,heap     ] GC(8) Eden regions: 44->0(49)
[2025-11-28T08:35:40.559+0000][gc,heap     ] GC(8) Survivor regions: 7->2(7)
[2025-11-28T08:35:40.559+0000][gc,heap     ] GC(8) Old regions: 17->24
[2025-11-28T08:35:40.559+0000][gc,heap     ] GC(8) Humongous regions: 138->138
[2025-11-28T08:35:40.559+0000][gc,metaspace] GC(8) Metaspace: 46960K(47936K)->46960K(47936K) NonClass: 41476K(42048K)->41476K(42048K) Class: 5484K(5888K)->5484K(5888K)
[2025-11-28T08:35:40.559+0000][gc          ] GC(8) Pause Young (Normal) (G1 Evacuation Pause) 205M->163M(1024M) 8.848ms
[2025-11-28T08:35:40.560+0000][gc,cpu      ] GC(8) User=0.01s Sys=0.00s Real=0.01s
[2025-11-28T08:39:45.818+0000][gc,start    ] GC(9) Pause Young (Normal) (G1 Evacuation Pause)
[2025-11-28T08:39:45.818+0000][gc,task     ] GC(9) Using 2 workers of 2 for evacuation
[2025-11-28T08:39:45.824+0000][gc,phases   ] GC(9)   Pre Evacuate Collection Set: 0.26ms
[2025-11-28T08:39:45.824+0000][gc,phases   ] GC(9)   Merge Heap Roots: 0.09ms
[2025-11-28T08:39:45.824+0000][gc,phases   ] GC(9)   Evacuate Collection Set: 5.26ms
[2025-11-28T08:39:45.825+0000][gc,phases   ] GC(9)   Post Evacuate Collection Set: 0.55ms
[2025-11-28T08:39:45.825+0000][gc,phases   ] GC(9)   Other: 0.07ms
[2025-11-28T08:39:45.825+0000][gc,heap     ] GC(9) Eden regions: 49->0(47)
[2025-11-28T08:39:45.825+0000][gc,heap     ] GC(9) Survivor regions: 2->4(7)
[2025-11-28T08:39:45.825+0000][gc,heap     ] GC(9) Old regions: 24->24
[2025-11-28T08:39:45.825+0000][gc,heap     ] GC(9) Humongous regions: 141->141
[2025-11-28T08:39:45.825+0000][gc,metaspace] GC(9) Metaspace: 49836K(50944K)->49836K(50944K) NonClass: 43980K(44608K)->43980K(44608K) Class: 5855K(6336K)->5855K(6336K)
[2025-11-28T08:39:45.825+0000][gc          ] GC(9) Pause Young (Normal) (G1 Evacuation Pause) 215M->168M(1024M) 6.529ms
[2025-11-28T08:39:45.825+0000][gc,cpu      ] GC(9) User=0.01s Sys=0.00s Real=0.01s
[2025-11-28T08:44:42.386+0000][gc,start    ] GC(10) Pause Young (Normal) (G1 Evacuation Pause)
[2025-11-28T08:44:42.386+0000][gc,task     ] GC(10) Using 2 workers of 2 for evacuation
[2025-11-28T08:44:42.395+0000][gc,phases   ] GC(10)   Pre Evacuate Collection Set: 0.22ms
[2025-11-28T08:44:42.395+0000][gc,phases   ] GC(10)   Merge Heap Roots: 0.10ms
[2025-11-28T08:44:42.395+0000][gc,phases   ] GC(10)   Evacuate Collection Set: 7.86ms
[2025-11-28T08:44:42.395+0000][gc,phases   ] GC(10)   Post Evacuate Collection Set: 0.44ms
[2025-11-28T08:44:42.395+0000][gc,phases   ] GC(10)   Other: 0.08ms
[2025-11-28T08:44:42.395+0000][gc,heap     ] GC(10) Eden regions: 47->0(47)
[2025-11-28T08:44:42.395+0000][gc,heap     ] GC(10) Survivor regions: 4->4(7)
[2025-11-28T08:44:42.395+0000][gc,heap     ] GC(10) Old regions: 24->24
[2025-11-28T08:44:42.395+0000][gc,heap     ] GC(10) Humongous regions: 142->138
[2025-11-28T08:44:42.395+0000][gc,metaspace] GC(10) Metaspace: 51355K(52544K)->51355K(52544K) NonClass: 45294K(45952K)->45294K(45952K) Class: 6060K(6592K)->6060K(6592K)
[2025-11-28T08:44:42.395+0000][gc          ] GC(10) Pause Young (Normal) (G1 Evacuation Pause) 216M->165M(1024M) 9.216ms
[2025-11-28T08:44:42.395+0000][gc,cpu      ] GC(10) User=0.02s Sys=0.00s Real=0.01s
[2025-11-28T08:44:42.563+0000][gc,heap,exit] Heap
[2025-11-28T08:44:42.563+0000][gc,heap,exit]  garbage-first heap   total 1048576K, used 173241K [0x00000000c0000000, 0x0000000100000000)
[2025-11-28T08:44:42.563+0000][gc,heap,exit]   region size 1024K, 8 young (8192K), 4 survivors (4096K)
[2025-11-28T08:44:42.563+0000][gc,heap,exit]  Metaspace       used 51464K, committed 52608K, reserved 1114112K
[2025-11-28T08:44:42.563+0000][gc,heap,exit]   class space    used 6090K, committed 6592K, reserved 1048576K
