[2025-12-18T17:56:18.665+0000][gc,init] CardTable entry size: 512
[2025-12-18T17:56:18.665+0000][gc     ] Using G1
[2025-12-18T17:56:18.674+0000][gc,init] Version: 21.0.9+10-LTS (release)
[2025-12-18T17:56:18.674+0000][gc,init] CPUs: 2 total, 2 available
[2025-12-18T17:56:18.674+0000][gc,init] Memory: 7944M
[2025-12-18T17:56:18.674+0000][gc,init] Large Page Support: Disabled
[2025-12-18T17:56:18.674+0000][gc,init] NUMA Support: Disabled
[2025-12-18T17:56:18.675+0000][gc,init] Compressed Oops: Enabled (32-bit)
[2025-12-18T17:56:18.675+0000][gc,init] Heap Region Size: 1M
[2025-12-18T17:56:18.675+0000][gc,init] Heap Min Capacity: 1G
[2025-12-18T17:56:18.675+0000][gc,init] Heap Initial Capacity: 1G
[2025-12-18T17:56:18.675+0000][gc,init] Heap Max Capacity: 1G
[2025-12-18T17:56:18.675+0000][gc,init] Pre-touch: Disabled
[2025-12-18T17:56:18.675+0000][gc,init] Parallel Workers: 2
[2025-12-18T17:56:18.675+0000][gc,init] Concurrent Workers: 1
[2025-12-18T17:56:18.675+0000][gc,init] Concurrent Refinement Workers: 2
[2025-12-18T17:56:18.675+0000][gc,init] Periodic GC: Disabled
[2025-12-18T17:56:18.684+0000][gc,metaspace] CDS archive(s) mapped at: [0x00007cbcab000000-0x00007cbcabca0000-0x00007cbcabca0000), size 13238272, SharedBaseAddress: 0x00007cbcab000000, ArchiveRelocationMode: 1.
[2025-12-18T17:56:18.684+0000][gc,metaspace] Compressed class space mapped at: 0x00007cbcac000000-0x00007cbcec000000, reserved size: 1073741824
[2025-12-18T17:56:18.684+0000][gc,metaspace] Narrow klass base: 0x00007cbcab000000, Narrow klass shift: 0, Narrow klass range: 0x100000000
[2025-12-18T17:56:19.836+0000][gc,start    ] GC(0) Pause Young (Normal) (G1 Evacuation Pause)
[2025-12-18T17:56:19.836+0000][gc,task     ] GC(0) Using 2 workers of 2 for evacuation
[2025-12-18T17:56:19.844+0000][gc,phases   ] GC(0)   Pre Evacuate Collection Set: 0.14ms
[2025-12-18T17:56:19.844+0000][gc,phases   ] GC(0)   Merge Heap Roots: 0.07ms
[2025-12-18T17:56:19.844+0000][gc,phases   ] GC(0)   Evacuate Collection Set: 7.66ms
[2025-12-18T17:56:19.844+0000][gc,phases   ] GC(0)   Post Evacuate Collection Set: 0.33ms
[2025-12-18T17:56:19.844+0000][gc,phases   ] GC(0)   Other: 0.21ms
[2025-12-18T17:56:19.844+0000][gc,heap     ] GC(0) Eden regions: 51->0(44)
[2025-12-18T17:56:19.844+0000][gc,heap     ] GC(0) Survivor regions: 0->7(7)
[2025-12-18T17:56:19.844+0000][gc,heap     ] GC(0) Old regions: 2->4
[2025-12-18T17:56:19.844+0000][gc,heap     ] GC(0) Humongous regions: 0->0
[2025-12-18T17:56:19.844+0000][gc,metaspace] GC(0) Metaspace: 15429K(15680K)->15429K(15680K) NonClass: 13700K(13824K)->13700K(13824K) Class: 1728K(1856K)->1728K(1856K)
[2025-12-18T17:56:19.844+0000][gc          ] GC(0) Pause Young (Normal) (G1 Evacuation Pause) 52M->9M(1024M) 8.623ms
[2025-12-18T17:56:19.844+0000][gc,cpu      ] GC(0) User=0.01s Sys=0.00s Real=0.01s
[2025-12-18T17:56:20.147+0000][gc,start    ] GC(1) Pause Young (Concurrent Start) (Metadata GC Threshold)
[2025-12-18T17:56:20.147+0000][gc,task     ] GC(1) Using 2 workers of 2 for evacuation
[2025-12-18T17:56:20.154+0000][gc,phases   ] GC(1)   Pre Evacuate Collection Set: 0.16ms
[2025-12-18T17:56:20.154+0000][gc,phases   ] GC(1)   Merge Heap Roots: 0.05ms
[2025-12-18T17:56:20.155+0000][gc,phases   ] GC(1)   Evacuate Collection Set: 6.92ms
[2025-12-18T17:56:20.155+0000][gc,phases   ] GC(1)   Post Evacuate Collection Set: 0.36ms
[2025-12-18T17:56:20.155+0000][gc,phases   ] GC(1)   Other: 0.11ms
[2025-12-18T17:56:20.155+0000][gc,heap     ] GC(1) Eden regions: 17->0(49)
[2025-12-18T17:56:20.155+0000][gc,heap     ] GC(1) Survivor regions: 7->2(7)
[2025-12-18T17:56:20.155+0000][gc,heap     ] GC(1) Old regions: 4->11
[2025-12-18T17:56:20.155+0000][gc,heap     ] GC(1) Humongous regions: 0->0
[2025-12-18T17:56:20.155+0000][gc,metaspace] GC(1) Metaspace: 21294K(21504K)->21294K(21504K) NonClass: 18726K(18816K)->18726K(18816K) Class: 2568K(2688K)->2568K(2688K)
[2025-12-18T17:56:20.155+0000][gc          ] GC(1) Pause Young (Concurrent Start) (Metadata GC Threshold) 26M->11M(1024M) 7.821ms
[2025-12-18T17:56:20.155+0000][gc,cpu      ] GC(1) User=0.01s Sys=0.00s Real=0.01s
[2025-12-18T17:56:20.155+0000][gc          ] GC(2) Concurrent Mark Cycle
[2025-12-18T17:56:20.155+0000][gc,marking  ] GC(2) Concurrent Scan Root Regions
[2025-12-18T17:56:20.159+0000][gc,marking  ] GC(2) Concurrent Scan Root Regions 3.853ms
[2025-12-18T17:56:20.159+0000][gc,marking  ] GC(2) Concurrent Mark
[2025-12-18T17:56:20.159+0000][gc,marking  ] GC(2) Concurrent Mark From Roots
[2025-12-18T17:56:20.159+0000][gc,task     ] GC(2) Using 1 workers of 1 for marking
[2025-12-18T17:56:20.163+0000][gc,marking  ] GC(2) Concurrent Mark From Roots 4.033ms
[2025-12-18T17:56:20.163+0000][gc,marking  ] GC(2) Concurrent Preclean
[2025-12-18T17:56:20.163+0000][gc,marking  ] GC(2) Concurrent Preclean 0.112ms
[2025-12-18T17:56:20.163+0000][gc,start    ] GC(2) Pause Remark
[2025-12-18T17:56:20.166+0000][gc          ] GC(2) Pause Remark 11M->11M(1024M) 2.757ms
[2025-12-18T17:56:20.166+0000][gc,cpu      ] GC(2) User=0.00s Sys=0.00s Real=0.00s
[2025-12-18T17:56:20.166+0000][gc,marking  ] GC(2) Concurrent Mark 7.426ms
[2025-12-18T17:56:20.166+0000][gc,marking  ] GC(2) Concurrent Rebuild Remembered Sets and Scrub Regions
[2025-12-18T17:56:20.174+0000][gc,marking  ] GC(2) Concurrent Rebuild Remembered Sets and Scrub Regions 8.173ms
[2025-12-18T17:56:20.174+0000][gc,start    ] GC(2) Pause Cleanup
[2025-12-18T17:56:20.175+0000][gc          ] GC(2) Pause Cleanup 12M->12M(1024M) 0.259ms
[2025-12-18T17:56:20.175+0000][gc,cpu      ] GC(2) User=0.00s Sys=0.00s Real=0.00s
[2025-12-18T17:56:20.175+0000][gc,marking  ] GC(2) Concurrent Clear Claimed Marks
[2025-12-18T17:56:20.175+0000][gc,marking  ] GC(2) Concurrent Clear Claimed Marks 0.029ms
[2025-12-18T17:56:20.175+0000][gc,marking  ] GC(2) Concurrent Cleanup for Next Mark
[2025-12-18T17:56:20.187+0000][gc,marking  ] GC(2) Concurrent Cleanup for Next Mark 11.950ms
[2025-12-18T17:56:20.187+0000][gc,marking  ] GC(2) Concurrent Mark Abort
[2025-12-18T17:56:20.187+0000][gc          ] GC(2) Concurrent Mark Cycle 32.146ms
[2025-12-18T17:56:20.187+0000][gc,heap,exit] Heap
[2025-12-18T17:56:20.187+0000][gc,heap,exit]  garbage-first heap   total 1048576K, used 13123K [0x00000000c0000000, 0x0000000100000000)
[2025-12-18T17:56:20.187+0000][gc,heap,exit]   region size 1024K, 4 young (4096K), 2 survivors (2048K)
[2025-12-18T17:56:20.187+0000][gc,heap,exit]  Metaspace       used 21510K, committed 21760K, reserved 1114112K
[2025-12-18T17:56:20.187+0000][gc,heap,exit]   class space    used 2601K, committed 2688K, reserved 1048576K
