[2025-12-18T19:36:29.371+0000][gc,init] CardTable entry size: 512
[2025-12-18T19:36:29.372+0000][gc     ] Using G1
[2025-12-18T19:36:29.421+0000][gc,init] Version: 21.0.9+10-LTS (release)
[2025-12-18T19:36:29.421+0000][gc,init] CPUs: 2 total, 2 available
[2025-12-18T19:36:29.421+0000][gc,init] Memory: 7944M
[2025-12-18T19:36:29.421+0000][gc,init] Large Page Support: Disabled
[2025-12-18T19:36:29.422+0000][gc,init] NUMA Support: Disabled
[2025-12-18T19:36:29.422+0000][gc,init] Compressed Oops: Enabled (32-bit)
[2025-12-18T19:36:29.422+0000][gc,init] Heap Region Size: 1M
[2025-12-18T19:36:29.422+0000][gc,init] Heap Min Capacity: 1G
[2025-12-18T19:36:29.422+0000][gc,init] Heap Initial Capacity: 1G
[2025-12-18T19:36:29.422+0000][gc,init] Heap Max Capacity: 1G
[2025-12-18T19:36:29.422+0000][gc,init] Pre-touch: Disabled
[2025-12-18T19:36:29.422+0000][gc,init] Parallel Workers: 2
[2025-12-18T19:36:29.422+0000][gc,init] Concurrent Workers: 1
[2025-12-18T19:36:29.422+0000][gc,init] Concurrent Refinement Workers: 2
[2025-12-18T19:36:29.422+0000][gc,init] Periodic GC: Disabled
[2025-12-18T19:36:29.441+0000][gc,metaspace] CDS archive(s) mapped at: [0x000077b9e3000000-0x000077b9e3ca0000-0x000077b9e3ca0000), size 13238272, SharedBaseAddress: 0x000077b9e3000000, ArchiveRelocationMode: 1.
[2025-12-18T19:36:29.442+0000][gc,metaspace] Compressed class space mapped at: 0x000077b9e4000000-0x000077ba24000000, reserved size: 1073741824
[2025-12-18T19:36:29.442+0000][gc,metaspace] Narrow klass base: 0x000077b9e3000000, Narrow klass shift: 0, Narrow klass range: 0x100000000
[2025-12-18T19:36:34.351+0000][gc,start    ] GC(0) Pause Young (Normal) (G1 Evacuation Pause)
[2025-12-18T19:36:34.352+0000][gc,task     ] GC(0) Using 2 workers of 2 for evacuation
[2025-12-18T19:36:34.385+0000][gc,mmu      ] GC(0) MMU target violated: 21.0ms (20.0ms/21.0ms)
[2025-12-18T19:36:34.385+0000][gc,phases   ] GC(0)   Pre Evacuate Collection Set: 0.21ms
[2025-12-18T19:36:34.385+0000][gc,phases   ] GC(0)   Merge Heap Roots: 0.06ms
[2025-12-18T19:36:34.385+0000][gc,phases   ] GC(0)   Evacuate Collection Set: 31.35ms
[2025-12-18T19:36:34.385+0000][gc,phases   ] GC(0)   Post Evacuate Collection Set: 1.11ms
[2025-12-18T19:36:34.385+0000][gc,phases   ] GC(0)   Other: 0.60ms
[2025-12-18T19:36:34.385+0000][gc,heap     ] GC(0) Eden regions: 51->0(44)
[2025-12-18T19:36:34.385+0000][gc,heap     ] GC(0) Survivor regions: 0->7(7)
[2025-12-18T19:36:34.385+0000][gc,heap     ] GC(0) Old regions: 2->4
[2025-12-18T19:36:34.385+0000][gc,heap     ] GC(0) Humongous regions: 0->0
[2025-12-18T19:36:34.385+0000][gc,metaspace] GC(0) Metaspace: 15405K(15680K)->15405K(15680K) NonClass: 13677K(13824K)->13677K(13824K) Class: 1728K(1856K)->1728K(1856K)
[2025-12-18T19:36:34.385+0000][gc          ] GC(0) Pause Young (Normal) (G1 Evacuation Pause) 52M->9M(1024M) 33.706ms
[2025-12-18T19:36:34.385+0000][gc,cpu      ] GC(0) User=0.02s Sys=0.00s Real=0.03s
[2025-12-18T19:36:35.512+0000][gc,start    ] GC(1) Pause Young (Concurrent Start) (Metadata GC Threshold)
[2025-12-18T19:36:35.512+0000][gc,task     ] GC(1) Using 2 workers of 2 for evacuation
[2025-12-18T19:36:35.544+0000][gc,mmu      ] GC(1) MMU target violated: 21.0ms (20.0ms/21.0ms)
[2025-12-18T19:36:35.544+0000][gc,phases   ] GC(1)   Pre Evacuate Collection Set: 0.14ms
[2025-12-18T19:36:35.544+0000][gc,phases   ] GC(1)   Merge Heap Roots: 0.04ms
[2025-12-18T19:36:35.544+0000][gc,phases   ] GC(1)   Evacuate Collection Set: 29.38ms
[2025-12-18T19:36:35.544+0000][gc,phases   ] GC(1)   Post Evacuate Collection Set: 2.09ms
[2025-12-18T19:36:35.544+0000][gc,phases   ] GC(1)   Other: 0.27ms
[2025-12-18T19:36:35.544+0000][gc,heap     ] GC(1) Eden regions: 17->0(50)
[2025-12-18T19:36:35.544+0000][gc,heap     ] GC(1) Survivor regions: 7->1(7)
[2025-12-18T19:36:35.544+0000][gc,heap     ] GC(1) Old regions: 4->11
[2025-12-18T19:36:35.544+0000][gc,heap     ] GC(1) Humongous regions: 0->0
[2025-12-18T19:36:35.544+0000][gc,metaspace] GC(1) Metaspace: 21266K(21504K)->21266K(21504K) NonClass: 18698K(18816K)->18698K(18816K) Class: 2568K(2688K)->2568K(2688K)
[2025-12-18T19:36:35.544+0000][gc          ] GC(1) Pause Young (Concurrent Start) (Metadata GC Threshold) 26M->10M(1024M) 32.442ms
[2025-12-18T19:36:35.544+0000][gc,cpu      ] GC(1) User=0.01s Sys=0.00s Real=0.03s
[2025-12-18T19:36:35.544+0000][gc          ] GC(2) Concurrent Mark Cycle
[2025-12-18T19:36:35.544+0000][gc,marking  ] GC(2) Concurrent Scan Root Regions
[2025-12-18T19:36:35.553+0000][gc,marking  ] GC(2) Concurrent Scan Root Regions 9.322ms
[2025-12-18T19:36:35.554+0000][gc,marking  ] GC(2) Concurrent Mark
[2025-12-18T19:36:35.554+0000][gc,marking  ] GC(2) Concurrent Mark From Roots
[2025-12-18T19:36:35.554+0000][gc,task     ] GC(2) Using 1 workers of 1 for marking
[2025-12-18T19:36:35.576+0000][gc,marking  ] GC(2) Concurrent Mark From Roots 22.570ms
[2025-12-18T19:36:35.576+0000][gc,marking  ] GC(2) Concurrent Preclean
[2025-12-18T19:36:35.576+0000][gc,marking  ] GC(2) Concurrent Preclean 0.027ms
[2025-12-18T19:36:35.578+0000][gc,start    ] GC(2) Pause Remark
[2025-12-18T19:36:35.592+0000][gc          ] GC(2) Pause Remark 11M->11M(1024M) 13.588ms
[2025-12-18T19:36:35.592+0000][gc,cpu      ] GC(2) User=0.01s Sys=0.00s Real=0.02s
[2025-12-18T19:36:35.592+0000][gc,marking  ] GC(2) Concurrent Mark 38.905ms
[2025-12-18T19:36:35.592+0000][gc,marking  ] GC(2) Concurrent Rebuild Remembered Sets and Scrub Regions
[2025-12-18T19:36:35.610+0000][gc,marking  ] GC(2) Concurrent Rebuild Remembered Sets and Scrub Regions 17.496ms
[2025-12-18T19:36:35.613+0000][gc,start    ] GC(2) Pause Cleanup
[2025-12-18T19:36:35.614+0000][gc          ] GC(2) Pause Cleanup 11M->11M(1024M) 0.218ms
[2025-12-18T19:36:35.614+0000][gc,cpu      ] GC(2) User=0.00s Sys=0.00s Real=0.00s
[2025-12-18T19:36:35.614+0000][gc,marking  ] GC(2) Concurrent Clear Claimed Marks
[2025-12-18T19:36:35.614+0000][gc,marking  ] GC(2) Concurrent Clear Claimed Marks 0.042ms
[2025-12-18T19:36:35.614+0000][gc,marking  ] GC(2) Concurrent Cleanup for Next Mark
[2025-12-18T19:36:35.683+0000][gc,marking  ] GC(2) Concurrent Cleanup for Next Mark 69.595ms
[2025-12-18T19:36:35.684+0000][gc          ] GC(2) Concurrent Mark Cycle 139.497ms
[2025-12-18T19:36:38.087+0000][gc,start    ] GC(3) Pause Young (Prepare Mixed) (G1 Evacuation Pause)
[2025-12-18T19:36:38.087+0000][gc,task     ] GC(3) Using 2 workers of 2 for evacuation
[2025-12-18T19:36:38.095+0000][gc,phases   ] GC(3)   Pre Evacuate Collection Set: 0.25ms
[2025-12-18T19:36:38.095+0000][gc,phases   ] GC(3)   Merge Heap Roots: 0.06ms
[2025-12-18T19:36:38.095+0000][gc,phases   ] GC(3)   Evacuate Collection Set: 7.07ms
[2025-12-18T19:36:38.095+0000][gc,phases   ] GC(3)   Post Evacuate Collection Set: 0.38ms
[2025-12-18T19:36:38.095+0000][gc,phases   ] GC(3)   Other: 0.07ms
[2025-12-18T19:36:38.095+0000][gc,heap     ] GC(3) Eden regions: 50->0(45)
[2025-12-18T19:36:38.095+0000][gc,heap     ] GC(3) Survivor regions: 1->6(7)
[2025-12-18T19:36:38.095+0000][gc,heap     ] GC(3) Old regions: 11->11
[2025-12-18T19:36:38.095+0000][gc,heap     ] GC(3) Humongous regions: 0->0
[2025-12-18T19:36:38.095+0000][gc,metaspace] GC(3) Metaspace: 33011K(33408K)->33011K(33408K) NonClass: 29231K(29440K)->29231K(29440K) Class: 3780K(3968K)->3780K(3968K)
[2025-12-18T19:36:38.095+0000][gc          ] GC(3) Pause Young (Prepare Mixed) (G1 Evacuation Pause) 60M->15M(1024M) 8.076ms
[2025-12-18T19:36:38.095+0000][gc,cpu      ] GC(3) User=0.01s Sys=0.00s Real=0.01s
[2025-12-18T19:36:38.487+0000][gc,start    ] GC(4) Pause Young (Mixed) (Metadata GC Threshold)
[2025-12-18T19:36:38.487+0000][gc,task     ] GC(4) Using 2 workers of 2 for evacuation
[2025-12-18T19:36:38.497+0000][gc,phases   ] GC(4)   Pre Evacuate Collection Set: 0.23ms
[2025-12-18T19:36:38.497+0000][gc,phases   ] GC(4)   Merge Heap Roots: 0.08ms
[2025-12-18T19:36:38.497+0000][gc,phases   ] GC(4)   Evacuate Collection Set: 9.08ms
[2025-12-18T19:36:38.497+0000][gc,phases   ] GC(4)   Post Evacuate Collection Set: 0.35ms
[2025-12-18T19:36:38.497+0000][gc,phases   ] GC(4)   Other: 0.06ms
[2025-12-18T19:36:38.497+0000][gc,heap     ] GC(4) Eden regions: 13->0(49)
[2025-12-18T19:36:38.497+0000][gc,heap     ] GC(4) Survivor regions: 6->2(7)
[2025-12-18T19:36:38.497+0000][gc,heap     ] GC(4) Old regions: 11->15
[2025-12-18T19:36:38.497+0000][gc,heap     ] GC(4) Humongous regions: 9->9
[2025-12-18T19:36:38.497+0000][gc,metaspace] GC(4) Metaspace: 35655K(36160K)->35655K(36160K) NonClass: 31555K(31872K)->31555K(31872K) Class: 4100K(4288K)->4100K(4288K)
[2025-12-18T19:36:38.497+0000][gc          ] GC(4) Pause Young (Mixed) (Metadata GC Threshold) 37M->25M(1024M) 10.222ms
[2025-12-18T19:36:38.497+0000][gc,cpu      ] GC(4) User=0.01s Sys=0.00s Real=0.01s
[2025-12-18T19:36:38.530+0000][gc,start    ] GC(5) Pause Young (Concurrent Start) (Metadata GC Threshold)
[2025-12-18T19:36:38.530+0000][gc,task     ] GC(5) Using 2 workers of 2 for evacuation
[2025-12-18T19:36:38.532+0000][gc,phases   ] GC(5)   Pre Evacuate Collection Set: 0.20ms
[2025-12-18T19:36:38.532+0000][gc,phases   ] GC(5)   Merge Heap Roots: 0.04ms
[2025-12-18T19:36:38.532+0000][gc,phases   ] GC(5)   Evacuate Collection Set: 1.60ms
[2025-12-18T19:36:38.532+0000][gc,phases   ] GC(5)   Post Evacuate Collection Set: 0.33ms
[2025-12-18T19:36:38.532+0000][gc,phases   ] GC(5)   Other: 0.18ms
[2025-12-18T19:36:38.532+0000][gc,heap     ] GC(5) Eden regions: 2->0(49)
[2025-12-18T19:36:38.532+0000][gc,heap     ] GC(5) Survivor regions: 2->2(7)
[2025-12-18T19:36:38.532+0000][gc,heap     ] GC(5) Old regions: 15->15
[2025-12-18T19:36:38.532+0000][gc,heap     ] GC(5) Humongous regions: 9->9
[2025-12-18T19:36:38.532+0000][gc,metaspace] GC(5) Metaspace: 36014K(36480K)->36014K(36480K) NonClass: 31865K(32128K)->31865K(32128K) Class: 4148K(4352K)->4148K(4352K)
[2025-12-18T19:36:38.532+0000][gc          ] GC(5) Pause Young (Concurrent Start) (Metadata GC Threshold) 27M->25M(1024M) 2.680ms
[2025-12-18T19:36:38.532+0000][gc,cpu      ] GC(5) User=0.00s Sys=0.00s Real=0.01s
[2025-12-18T19:36:38.532+0000][gc          ] GC(6) Concurrent Mark Cycle
[2025-12-18T19:36:38.532+0000][gc,marking  ] GC(6) Concurrent Scan Root Regions
[2025-12-18T19:36:38.537+0000][gc,marking  ] GC(6) Concurrent Scan Root Regions 4.911ms
[2025-12-18T19:36:38.537+0000][gc,marking  ] GC(6) Concurrent Mark
[2025-12-18T19:36:38.537+0000][gc,marking  ] GC(6) Concurrent Mark From Roots
[2025-12-18T19:36:38.537+0000][gc,task     ] GC(6) Using 1 workers of 1 for marking
[2025-12-18T19:36:38.597+0000][gc,marking  ] GC(6) Concurrent Mark From Roots 60.164ms
[2025-12-18T19:36:38.598+0000][gc,marking  ] GC(6) Concurrent Preclean
[2025-12-18T19:36:38.598+0000][gc,marking  ] GC(6) Concurrent Preclean 0.062ms
[2025-12-18T19:36:38.600+0000][gc,start    ] GC(6) Pause Remark
[2025-12-18T19:36:38.605+0000][gc          ] GC(6) Pause Remark 28M->28M(1024M) 5.763ms
[2025-12-18T19:36:38.605+0000][gc,cpu      ] GC(6) User=0.01s Sys=0.00s Real=0.01s
[2025-12-18T19:36:38.611+0000][gc,marking  ] GC(6) Concurrent Mark 74.190ms
[2025-12-18T19:36:38.611+0000][gc,marking  ] GC(6) Concurrent Rebuild Remembered Sets and Scrub Regions
[2025-12-18T19:36:38.646+0000][gc,marking  ] GC(6) Concurrent Rebuild Remembered Sets and Scrub Regions 34.234ms
[2025-12-18T19:36:38.646+0000][gc,start    ] GC(6) Pause Cleanup
[2025-12-18T19:36:38.646+0000][gc          ] GC(6) Pause Cleanup 29M->29M(1024M) 0.131ms
[2025-12-18T19:36:38.646+0000][gc,cpu      ] GC(6) User=0.00s Sys=0.00s Real=0.00s
[2025-12-18T19:36:38.646+0000][gc,marking  ] GC(6) Concurrent Clear Claimed Marks
[2025-12-18T19:36:38.646+0000][gc,marking  ] GC(6) Concurrent Clear Claimed Marks 0.045ms
[2025-12-18T19:36:38.646+0000][gc,marking  ] GC(6) Concurrent Cleanup for Next Mark
[2025-12-18T19:36:38.649+0000][gc,marking  ] GC(6) Concurrent Cleanup for Next Mark 3.151ms
[2025-12-18T19:36:38.649+0000][gc          ] GC(6) Concurrent Mark Cycle 117.150ms
[2025-12-18T19:36:39.561+0000][gc,start    ] GC(7) Pause Young (Prepare Mixed) (G1 Evacuation Pause)
[2025-12-18T19:36:39.561+0000][gc,task     ] GC(7) Using 2 workers of 2 for evacuation
[2025-12-18T19:36:39.571+0000][gc,phases   ] GC(7)   Pre Evacuate Collection Set: 0.27ms
[2025-12-18T19:36:39.571+0000][gc,phases   ] GC(7)   Merge Heap Roots: 0.07ms
[2025-12-18T19:36:39.571+0000][gc,phases   ] GC(7)   Evacuate Collection Set: 8.83ms
[2025-12-18T19:36:39.571+0000][gc,phases   ] GC(7)   Post Evacuate Collection Set: 0.77ms
[2025-12-18T19:36:39.571+0000][gc,phases   ] GC(7)   Other: 0.24ms
[2025-12-18T19:36:39.571+0000][gc,heap     ] GC(7) Eden regions: 49->0(44)
[2025-12-18T19:36:39.571+0000][gc,heap     ] GC(7) Survivor regions: 2->7(7)
[2025-12-18T19:36:39.571+0000][gc,heap     ] GC(7) Old regions: 15->17
[2025-12-18T19:36:39.571+0000][gc,heap     ] GC(7) Humongous regions: 9->9
[2025-12-18T19:36:39.571+0000][gc,metaspace] GC(7) Metaspace: 42290K(43200K)->42290K(43200K) NonClass: 37368K(37888K)->37368K(37888K) Class: 4922K(5312K)->4922K(5312K)
[2025-12-18T19:36:39.571+0000][gc          ] GC(7) Pause Young (Prepare Mixed) (G1 Evacuation Pause) 74M->32M(1024M) 10.560ms
[2025-12-18T19:36:39.571+0000][gc,cpu      ] GC(7) User=0.02s Sys=0.00s Real=0.01s
[2025-12-18T19:36:51.884+0000][gc,start    ] GC(8) Pause Young (Mixed) (G1 Evacuation Pause)
[2025-12-18T19:36:51.884+0000][gc,task     ] GC(8) Using 2 workers of 2 for evacuation
[2025-12-18T19:36:51.898+0000][gc,phases   ] GC(8)   Pre Evacuate Collection Set: 0.20ms
[2025-12-18T19:36:51.898+0000][gc,phases   ] GC(8)   Merge Heap Roots: 0.08ms
[2025-12-18T19:36:51.898+0000][gc,phases   ] GC(8)   Evacuate Collection Set: 12.21ms
[2025-12-18T19:36:51.898+0000][gc,phases   ] GC(8)   Post Evacuate Collection Set: 0.82ms
[2025-12-18T19:36:51.898+0000][gc,phases   ] GC(8)   Other: 0.27ms
[2025-12-18T19:36:51.898+0000][gc,heap     ] GC(8) Eden regions: 44->0(47)
[2025-12-18T19:36:51.898+0000][gc,heap     ] GC(8) Survivor regions: 7->4(7)
[2025-12-18T19:36:51.898+0000][gc,heap     ] GC(8) Old regions: 17->23
[2025-12-18T19:36:51.898+0000][gc,heap     ] GC(8) Humongous regions: 145->139
[2025-12-18T19:36:51.898+0000][gc,metaspace] GC(8) Metaspace: 48124K(49152K)->48124K(49152K) NonClass: 42415K(43008K)->42415K(43008K) Class: 5709K(6144K)->5709K(6144K)
[2025-12-18T19:36:51.898+0000][gc          ] GC(8) Pause Young (Mixed) (G1 Evacuation Pause) 212M->165M(1024M) 13.871ms
[2025-12-18T19:36:51.898+0000][gc,cpu      ] GC(8) User=0.02s Sys=0.00s Real=0.01s
[2025-12-18T19:42:00.602+0000][gc,start    ] GC(9) Pause Young (Normal) (G1 Evacuation Pause)
[2025-12-18T19:42:00.602+0000][gc,task     ] GC(9) Using 2 workers of 2 for evacuation
[2025-12-18T19:42:00.609+0000][gc,phases   ] GC(9)   Pre Evacuate Collection Set: 0.40ms
[2025-12-18T19:42:00.609+0000][gc,phases   ] GC(9)   Merge Heap Roots: 0.06ms
[2025-12-18T19:42:00.609+0000][gc,phases   ] GC(9)   Evacuate Collection Set: 5.53ms
[2025-12-18T19:42:00.610+0000][gc,phases   ] GC(9)   Post Evacuate Collection Set: 0.80ms
[2025-12-18T19:42:00.610+0000][gc,phases   ] GC(9)   Other: 0.09ms
[2025-12-18T19:42:00.610+0000][gc,heap     ] GC(9) Eden regions: 47->0(46)
[2025-12-18T19:42:00.610+0000][gc,heap     ] GC(9) Survivor regions: 4->5(7)
[2025-12-18T19:42:00.610+0000][gc,heap     ] GC(9) Old regions: 23->23
[2025-12-18T19:42:00.610+0000][gc,heap     ] GC(9) Humongous regions: 139->139
[2025-12-18T19:42:00.610+0000][gc,metaspace] GC(9) Metaspace: 50611K(51776K)->50611K(51776K) NonClass: 44704K(45376K)->44704K(45376K) Class: 5907K(6400K)->5907K(6400K)
[2025-12-18T19:42:00.610+0000][gc          ] GC(9) Pause Young (Normal) (G1 Evacuation Pause) 212M->166M(1024M) 7.249ms
[2025-12-18T19:42:00.610+0000][gc,cpu      ] GC(9) User=0.02s Sys=0.00s Real=0.00s
[2025-12-18T19:48:22.818+0000][gc,start    ] GC(10) Pause Young (Normal) (G1 Evacuation Pause)
[2025-12-18T19:48:22.819+0000][gc,task     ] GC(10) Using 2 workers of 2 for evacuation
[2025-12-18T19:48:22.826+0000][gc,phases   ] GC(10)   Pre Evacuate Collection Set: 0.33ms
[2025-12-18T19:48:22.826+0000][gc,phases   ] GC(10)   Merge Heap Roots: 0.08ms
[2025-12-18T19:48:22.826+0000][gc,phases   ] GC(10)   Evacuate Collection Set: 6.42ms
[2025-12-18T19:48:22.826+0000][gc,phases   ] GC(10)   Post Evacuate Collection Set: 0.44ms
[2025-12-18T19:48:22.826+0000][gc,phases   ] GC(10)   Other: 0.08ms
[2025-12-18T19:48:22.826+0000][gc,heap     ] GC(10) Eden regions: 46->0(49)
[2025-12-18T19:48:22.826+0000][gc,heap     ] GC(10) Survivor regions: 5->2(7)
[2025-12-18T19:48:22.826+0000][gc,heap     ] GC(10) Old regions: 23->27
[2025-12-18T19:48:22.826+0000][gc,heap     ] GC(10) Humongous regions: 139->139
[2025-12-18T19:48:22.826+0000][gc,metaspace] GC(10) Metaspace: 51029K(52224K)->51029K(52224K) NonClass: 45109K(45760K)->45109K(45760K) Class: 5919K(6464K)->5919K(6464K)
[2025-12-18T19:48:22.826+0000][gc          ] GC(10) Pause Young (Normal) (G1 Evacuation Pause) 212M->167M(1024M) 7.747ms
[2025-12-18T19:48:22.826+0000][gc,cpu      ] GC(10) User=0.01s Sys=0.00s Real=0.01s
[2025-12-18T19:55:51.158+0000][gc,start    ] GC(11) Pause Young (Normal) (G1 Evacuation Pause)
[2025-12-18T19:55:51.158+0000][gc,task     ] GC(11) Using 2 workers of 2 for evacuation
[2025-12-18T19:55:51.163+0000][gc,phases   ] GC(11)   Pre Evacuate Collection Set: 0.35ms
[2025-12-18T19:55:51.163+0000][gc,phases   ] GC(11)   Merge Heap Roots: 0.07ms
[2025-12-18T19:55:51.163+0000][gc,phases   ] GC(11)   Evacuate Collection Set: 4.05ms
[2025-12-18T19:55:51.163+0000][gc,phases   ] GC(11)   Post Evacuate Collection Set: 0.37ms
[2025-12-18T19:55:51.163+0000][gc,phases   ] GC(11)   Other: 0.07ms
[2025-12-18T19:55:51.163+0000][gc,heap     ] GC(11) Eden regions: 49->0(48)
[2025-12-18T19:55:51.163+0000][gc,heap     ] GC(11) Survivor regions: 2->3(7)
[2025-12-18T19:55:51.163+0000][gc,heap     ] GC(11) Old regions: 27->27
[2025-12-18T19:55:51.163+0000][gc,heap     ] GC(11) Humongous regions: 139->139
[2025-12-18T19:55:51.163+0000][gc,metaspace] GC(11) Metaspace: 51150K(52352K)->51150K(52352K) NonClass: 45230K(45888K)->45230K(45888K) Class: 5919K(6464K)->5919K(6464K)
[2025-12-18T19:55:51.163+0000][gc          ] GC(11) Pause Young (Normal) (G1 Evacuation Pause) 216M->167M(1024M) 5.192ms
[2025-12-18T19:55:51.163+0000][gc,cpu      ] GC(11) User=0.01s Sys=0.00s Real=0.01s
[2025-12-18T20:01:37.059+0000][gc,start    ] GC(12) Pause Young (Normal) (G1 Evacuation Pause)
[2025-12-18T20:01:37.059+0000][gc,task     ] GC(12) Using 2 workers of 2 for evacuation
[2025-12-18T20:01:37.066+0000][gc,phases   ] GC(12)   Pre Evacuate Collection Set: 0.31ms
[2025-12-18T20:01:37.066+0000][gc,phases   ] GC(12)   Merge Heap Roots: 0.09ms
[2025-12-18T20:01:37.066+0000][gc,phases   ] GC(12)   Evacuate Collection Set: 5.86ms
[2025-12-18T20:01:37.066+0000][gc,phases   ] GC(12)   Post Evacuate Collection Set: 0.41ms
[2025-12-18T20:01:37.066+0000][gc,phases   ] GC(12)   Other: 0.07ms
[2025-12-18T20:01:37.066+0000][gc,heap     ] GC(12) Eden regions: 48->0(47)
[2025-12-18T20:01:37.066+0000][gc,heap     ] GC(12) Survivor regions: 3->4(7)
[2025-12-18T20:01:37.066+0000][gc,heap     ] GC(12) Old regions: 27->27
[2025-12-18T20:01:37.066+0000][gc,heap     ] GC(12) Humongous regions: 139->139
[2025-12-18T20:01:37.066+0000][gc,metaspace] GC(12) Metaspace: 51341K(52544K)->51341K(52544K) NonClass: 45419K(46080K)->45419K(46080K) Class: 5922K(6464K)->5922K(6464K)
[2025-12-18T20:01:37.066+0000][gc          ] GC(12) Pause Young (Normal) (G1 Evacuation Pause) 215M->169M(1024M) 6.976ms
[2025-12-18T20:01:37.066+0000][gc,cpu      ] GC(12) User=0.01s Sys=0.00s Real=0.01s
[2025-12-18T20:07:07.318+0000][gc,start    ] GC(13) Pause Young (Normal) (G1 Evacuation Pause)
[2025-12-18T20:07:07.318+0000][gc,task     ] GC(13) Using 2 workers of 2 for evacuation
[2025-12-18T20:07:07.326+0000][gc,phases   ] GC(13)   Pre Evacuate Collection Set: 0.65ms
[2025-12-18T20:07:07.326+0000][gc,phases   ] GC(13)   Merge Heap Roots: 0.08ms
[2025-12-18T20:07:07.326+0000][gc,phases   ] GC(13)   Evacuate Collection Set: 6.78ms
[2025-12-18T20:07:07.326+0000][gc,phases   ] GC(13)   Post Evacuate Collection Set: 0.41ms
[2025-12-18T20:07:07.326+0000][gc,phases   ] GC(13)   Other: 0.07ms
[2025-12-18T20:07:07.326+0000][gc,heap     ] GC(13) Eden regions: 47->0(46)
[2025-12-18T20:07:07.326+0000][gc,heap     ] GC(13) Survivor regions: 4->5(7)
[2025-12-18T20:07:07.326+0000][gc,heap     ] GC(13) Old regions: 27->28
[2025-12-18T20:07:07.326+0000][gc,heap     ] GC(13) Humongous regions: 139->139
[2025-12-18T20:07:07.326+0000][gc,metaspace] GC(13) Metaspace: 51397K(52608K)->51397K(52608K) NonClass: 45474K(46144K)->45474K(46144K) Class: 5923K(6464K)->5923K(6464K)
[2025-12-18T20:07:07.326+0000][gc          ] GC(13) Pause Young (Normal) (G1 Evacuation Pause) 216M->170M(1024M) 8.286ms
[2025-12-18T20:07:07.326+0000][gc,cpu      ] GC(13) User=0.01s Sys=0.00s Real=0.01s
[2025-12-18T20:12:41.419+0000][gc,start    ] GC(14) Pause Young (Normal) (G1 Evacuation Pause)
[2025-12-18T20:12:41.419+0000][gc,task     ] GC(14) Using 2 workers of 2 for evacuation
[2025-12-18T20:12:41.426+0000][gc,phases   ] GC(14)   Pre Evacuate Collection Set: 0.29ms
[2025-12-18T20:12:41.426+0000][gc,phases   ] GC(14)   Merge Heap Roots: 0.06ms
[2025-12-18T20:12:41.426+0000][gc,phases   ] GC(14)   Evacuate Collection Set: 5.89ms
[2025-12-18T20:12:41.426+0000][gc,phases   ] GC(14)   Post Evacuate Collection Set: 0.42ms
[2025-12-18T20:12:41.426+0000][gc,phases   ] GC(14)   Other: 0.06ms
[2025-12-18T20:12:41.426+0000][gc,heap     ] GC(14) Eden regions: 46->0(47)
[2025-12-18T20:12:41.426+0000][gc,heap     ] GC(14) Survivor regions: 5->4(7)
[2025-12-18T20:12:41.426+0000][gc,heap     ] GC(14) Old regions: 28->28
[2025-12-18T20:12:41.426+0000][gc,heap     ] GC(14) Humongous regions: 139->139
[2025-12-18T20:12:41.426+0000][gc,metaspace] GC(14) Metaspace: 51486K(52672K)->51486K(52672K) NonClass: 45563K(46208K)->45563K(46208K) Class: 5923K(6464K)->5923K(6464K)
[2025-12-18T20:12:41.426+0000][gc          ] GC(14) Pause Young (Normal) (G1 Evacuation Pause) 216M->170M(1024M) 7.053ms
[2025-12-18T20:12:41.426+0000][gc,cpu      ] GC(14) User=0.01s Sys=0.00s Real=0.01s
[2025-12-18T20:18:38.295+0000][gc,start    ] GC(15) Pause Young (Normal) (G1 Evacuation Pause)
[2025-12-18T20:18:38.295+0000][gc,task     ] GC(15) Using 2 workers of 2 for evacuation
[2025-12-18T20:18:38.302+0000][gc,phases   ] GC(15)   Pre Evacuate Collection Set: 0.30ms
[2025-12-18T20:18:38.302+0000][gc,phases   ] GC(15)   Merge Heap Roots: 0.08ms
[2025-12-18T20:18:38.302+0000][gc,phases   ] GC(15)   Evacuate Collection Set: 5.83ms
[2025-12-18T20:18:38.302+0000][gc,phases   ] GC(15)   Post Evacuate Collection Set: 0.37ms
[2025-12-18T20:18:38.302+0000][gc,phases   ] GC(15)   Other: 0.07ms
[2025-12-18T20:18:38.302+0000][gc,heap     ] GC(15) Eden regions: 47->0(47)
[2025-12-18T20:18:38.302+0000][gc,heap     ] GC(15) Survivor regions: 4->4(7)
[2025-12-18T20:18:38.302+0000][gc,heap     ] GC(15) Old regions: 28->29
[2025-12-18T20:18:38.302+0000][gc,heap     ] GC(15) Humongous regions: 139->139
[2025-12-18T20:18:38.302+0000][gc,metaspace] GC(15) Metaspace: 51567K(52736K)->51567K(52736K) NonClass: 45644K(46272K)->45644K(46272K) Class: 5923K(6464K)->5923K(6464K)
[2025-12-18T20:18:38.302+0000][gc          ] GC(15) Pause Young (Normal) (G1 Evacuation Pause) 217M->171M(1024M) 7.089ms
[2025-12-18T20:18:38.302+0000][gc,cpu      ] GC(15) User=0.02s Sys=0.00s Real=0.01s
[2025-12-18T20:19:56.355+0000][gc,heap,exit] Heap
[2025-12-18T20:19:56.355+0000][gc,heap,exit]  garbage-first heap   total 1048576K, used 205965K [0x00000000c0000000, 0x0000000100000000)
[2025-12-18T20:19:56.355+0000][gc,heap,exit]   region size 1024K, 25 young (25600K), 4 survivors (4096K)
[2025-12-18T20:19:56.355+0000][gc,heap,exit]  Metaspace       used 52199K, committed 53312K, reserved 1114112K
[2025-12-18T20:19:56.355+0000][gc,heap,exit]   class space    used 6073K, committed 6592K, reserved 1048576K
